../Core/Src/main.c:86:6:driveFast	32	static
../Core/Src/main.c:92:6:lineFollow	40	static
../Core/Src/main.c:98:6:shoot	40	static
../Core/Src/main.c:103:6:surprise	32	static
../Core/Src/main.c:113:6:runMotor	16	static
../Core/Src/main.c:124:5:main	16	static
../Core/Src/main.c:190:6:SystemClock_Config	88	static
../Core/Src/main.c:237:13:MX_ADC2_Init	40	static
../Core/Src/main.c:296:13:MX_TIM1_Init	120	static
../Core/Src/main.c:390:13:MX_TIM2_Init	48	static
../Core/Src/main.c:439:13:MX_TIM3_Init	40	static
../Core/Src/main.c:491:13:MX_USART2_UART_Init	8	static
../Core/Src/main.c:539:13:MX_GPIO_Init	40	static
../Core/Src/main.c:605:6:Error_Handler	4	static,ignoring_inline_asm
