../Core/Src/main.c:106:6:runMotors	144	static
../Core/Src/main.c:135:6:setBit	16	static
../Core/Src/main.c:143:9:selectMuxAddr	136	static
../Core/Src/main.c:167:10:readSensor	160	static
../Core/Src/main.c:208:6:initSensors	136	static
../Core/Src/main.c:268:6:initIMU	128	static
../Core/Src/main.c:320:6:readIMURaw	152	static
../Core/Src/main.c:358:8:getAngle	40	static
../Core/Src/main.c:374:6:autoCalibrate	160	static
../Core/Src/main.c:444:6:manCalibrate	128	static
../Core/Src/main.c:468:6:midCalibrate	144	static
../Core/Src/main.c:550:5:main	192	static
../Core/Src/main.c:732:6:SystemClock_Config	88	static
../Core/Src/main.c:779:13:MX_ADC2_Init	40	static
../Core/Src/main.c:838:13:MX_I2C1_Init	8	static
../Core/Src/main.c:886:13:MX_TIM1_Init	120	static
../Core/Src/main.c:980:13:MX_TIM2_Init	48	static
../Core/Src/main.c:1029:13:MX_TIM3_Init	40	static
../Core/Src/main.c:1081:13:MX_USART2_UART_Init	8	static
../Core/Src/main.c:1129:13:MX_GPIO_Init	40	static
../Core/Src/main.c:1190:6:Error_Handler	4	static,ignoring_inline_asm
