../Core/Src/main.c:122:6:runMotors	144	static
../Core/Src/main.c:151:6:setBit	16	static
../Core/Src/main.c:159:9:selectMuxAddr	136	static
../Core/Src/main.c:183:10:readSensor	144	static
../Core/Src/main.c:216:10:getRGB	24	static
../Core/Src/main.c:229:6:initSensors	136	static
../Core/Src/main.c:313:6:initIMU	128	static
../Core/Src/main.c:365:6:readIMURaw	152	static
../Core/Src/main.c:403:8:getAngle	152	static
../Core/Src/main.c:429:6:autoCalibrate	144	static
../Core/Src/main.c:497:6:manCalibrate	128	static
../Core/Src/main.c:521:6:midCalibrate	176	static
../Core/Src/main.c:594:6:rotateToAngle	40	static
../Core/Src/main.c:624:6:release_shooter	4	static
../Core/Src/main.c:627:6:hold_shooter	4	static
../Core/Src/main.c:630:6:release_net	4	static
../Core/Src/main.c:633:6:hold_net	4	static
../Core/Src/main.c:639:6:intakeAndStuff	24	static
../Core/Src/main.c:703:5:main	208	static
../Core/Src/main.c:973:6:SystemClock_Config	88	static
../Core/Src/main.c:1020:13:MX_ADC2_Init	40	static
../Core/Src/main.c:1079:13:MX_I2C1_Init	8	static
../Core/Src/main.c:1127:13:MX_TIM1_Init	120	static
../Core/Src/main.c:1221:13:MX_TIM3_Init	48	static
../Core/Src/main.c:1270:13:MX_TIM4_Init	48	static
../Core/Src/main.c:1323:13:MX_USART2_UART_Init	8	static
../Core/Src/main.c:1371:13:MX_GPIO_Init	40	static
../Core/Src/main.c:1432:6:Error_Handler	4	static,ignoring_inline_asm
