../Core/Src/main.c:120:6:runMotors	144	static
../Core/Src/main.c:149:6:setBit	16	static
../Core/Src/main.c:157:9:selectMuxAddr	136	static
../Core/Src/main.c:181:10:readSensor	144	static
../Core/Src/main.c:211:10:getRGB	24	static
../Core/Src/main.c:224:6:initSensors	136	static
../Core/Src/main.c:284:6:initIMU	128	static
../Core/Src/main.c:336:6:readIMURaw	152	static
../Core/Src/main.c:374:8:getAngle	152	static
../Core/Src/main.c:400:6:autoCalibrate	144	static
../Core/Src/main.c:468:6:manCalibrate	128	static
../Core/Src/main.c:492:6:midCalibrate	144	static
../Core/Src/main.c:557:6:rotateToAngle	40	static
../Core/Src/main.c:582:6:shoot	8	static
../Core/Src/main.c:586:6:intakeAndStuff	24	static
../Core/Src/main.c:649:5:main	112	static
../Core/Src/main.c:852:6:SystemClock_Config	88	static
../Core/Src/main.c:899:13:MX_ADC2_Init	40	static
../Core/Src/main.c:958:13:MX_I2C1_Init	8	static
../Core/Src/main.c:1006:13:MX_TIM1_Init	120	static
../Core/Src/main.c:1100:13:MX_TIM2_Init	48	static
../Core/Src/main.c:1149:13:MX_TIM3_Init	64	static
../Core/Src/main.c:1215:13:MX_USART2_UART_Init	8	static
../Core/Src/main.c:1263:13:MX_GPIO_Init	40	static
../Core/Src/main.c:1324:6:Error_Handler	4	static,ignoring_inline_asm
