../Core/Src/main.c:103:6:runMotors	152	static
../Core/Src/main.c:132:6:setBit	16	static
../Core/Src/main.c:140:9:selectMuxAddr	136	static
../Core/Src/main.c:164:10:readSensor	160	static
../Core/Src/main.c:205:6:initSensors	136	static
../Core/Src/main.c:265:6:autoCalibrate	160	static
../Core/Src/main.c:335:6:manCalibrate	128	static
../Core/Src/main.c:359:6:midCalibrate	144	static
../Core/Src/main.c:441:5:main	208	static
../Core/Src/main.c:619:6:SystemClock_Config	88	static
../Core/Src/main.c:666:13:MX_ADC2_Init	40	static
../Core/Src/main.c:725:13:MX_I2C1_Init	8	static
../Core/Src/main.c:773:13:MX_TIM1_Init	120	static
../Core/Src/main.c:867:13:MX_TIM2_Init	48	static
../Core/Src/main.c:916:13:MX_TIM3_Init	40	static
../Core/Src/main.c:968:13:MX_USART2_UART_Init	8	static
../Core/Src/main.c:1016:13:MX_GPIO_Init	40	static
../Core/Src/main.c:1077:6:Error_Handler	4	static,ignoring_inline_asm
