../Core/Src/main.c:102:6:runMotors	40	static
../Core/Src/main.c:125:6:setBit	16	static
../Core/Src/main.c:133:9:selectMuxAddr	136	static
../Core/Src/main.c:157:10:readSensor	160	static
../Core/Src/main.c:198:6:initSensors	136	static
../Core/Src/main.c:223:6:calibrate	160	static
../Core/Src/main.c:310:5:main	192	static
../Core/Src/main.c:462:6:SystemClock_Config	88	static
../Core/Src/main.c:509:13:MX_ADC2_Init	40	static
../Core/Src/main.c:568:13:MX_I2C1_Init	8	static
../Core/Src/main.c:616:13:MX_TIM1_Init	120	static
../Core/Src/main.c:710:13:MX_TIM2_Init	48	static
../Core/Src/main.c:759:13:MX_TIM3_Init	40	static
../Core/Src/main.c:811:13:MX_USART2_UART_Init	8	static
../Core/Src/main.c:859:13:MX_GPIO_Init	40	static
../Core/Src/main.c:920:6:Error_Handler	4	static,ignoring_inline_asm
