../Core/Src/main.c:120:6:runMotors	144	static
../Core/Src/main.c:147:6:setBit	16	static
../Core/Src/main.c:155:9:selectMuxAddr	136	static
../Core/Src/main.c:179:10:readSensor	144	static
../Core/Src/main.c:209:10:getRGB	24	static
../Core/Src/main.c:222:6:initSensors	136	static
../Core/Src/main.c:282:6:initIMU	128	static
../Core/Src/main.c:334:6:readIMURaw	152	static
../Core/Src/main.c:372:8:getAngle	152	static
../Core/Src/main.c:398:6:autoCalibrate	144	static
../Core/Src/main.c:466:6:manCalibrate	128	static
../Core/Src/main.c:490:6:midCalibrate	144	static
../Core/Src/main.c:555:6:rotate180	24	static
../Core/Src/main.c:580:6:intake	16	static
../Core/Src/main.c:615:5:main	200	static
../Core/Src/main.c:829:6:SystemClock_Config	88	static
../Core/Src/main.c:876:13:MX_ADC2_Init	40	static
../Core/Src/main.c:935:13:MX_I2C1_Init	8	static
../Core/Src/main.c:983:13:MX_TIM1_Init	120	static
../Core/Src/main.c:1077:13:MX_TIM2_Init	48	static
../Core/Src/main.c:1126:13:MX_TIM3_Init	64	static
../Core/Src/main.c:1192:13:MX_USART2_UART_Init	8	static
../Core/Src/main.c:1240:13:MX_GPIO_Init	40	static
../Core/Src/main.c:1301:6:Error_Handler	4	static,ignoring_inline_asm
