../Core/Src/main.c:102:6:runMotors	40	static
../Core/Src/main.c:125:6:setBit	16	static
../Core/Src/main.c:133:9:selectMuxAddr	136	static
../Core/Src/main.c:157:10:readSensor	160	static
../Core/Src/main.c:200:6:initSensors	136	static
../Core/Src/main.c:225:6:calibrate	160	static
../Core/Src/main.c:304:6:lineFollowAbsolute	184	static
../Core/Src/main.c:361:5:main	24	static
../Core/Src/main.c:451:6:SystemClock_Config	88	static
../Core/Src/main.c:498:13:MX_ADC2_Init	40	static
../Core/Src/main.c:557:13:MX_I2C1_Init	8	static
../Core/Src/main.c:605:13:MX_TIM1_Init	120	static
../Core/Src/main.c:699:13:MX_TIM2_Init	48	static
../Core/Src/main.c:748:13:MX_TIM3_Init	40	static
../Core/Src/main.c:800:13:MX_USART2_UART_Init	8	static
../Core/Src/main.c:848:13:MX_GPIO_Init	40	static
../Core/Src/main.c:909:6:Error_Handler	4	static,ignoring_inline_asm
