../Core/Src/main.c:104:6:runMotors	40	static
../Core/Src/main.c:127:6:setBit	16	static
../Core/Src/main.c:135:9:selectMuxAddr	136	static
../Core/Src/main.c:159:10:readSensor	160	static
../Core/Src/main.c:200:6:initSensors	136	static
../Core/Src/main.c:260:6:calibrate	160	static
../Core/Src/main.c:347:5:main	176	static
../Core/Src/main.c:463:6:SystemClock_Config	88	static
../Core/Src/main.c:510:13:MX_ADC2_Init	40	static
../Core/Src/main.c:569:13:MX_I2C1_Init	8	static
../Core/Src/main.c:617:13:MX_TIM1_Init	120	static
../Core/Src/main.c:711:13:MX_TIM2_Init	48	static
../Core/Src/main.c:760:13:MX_TIM3_Init	40	static
../Core/Src/main.c:812:13:MX_USART2_UART_Init	8	static
../Core/Src/main.c:860:13:MX_GPIO_Init	40	static
../Core/Src/main.c:921:6:Error_Handler	4	static,ignoring_inline_asm
