../Core/Src/main.c:104:6:runMotors	40	static
../Core/Src/main.c:128:6:setBit	16	static
../Core/Src/main.c:136:9:selectMuxAddr	136	static
../Core/Src/main.c:160:10:readSensor	160	static
../Core/Src/main.c:201:6:initSensors	136	static
../Core/Src/main.c:261:6:calibrate	160	static
../Core/Src/main.c:348:5:main	176	static
../Core/Src/main.c:486:6:SystemClock_Config	88	static
../Core/Src/main.c:533:13:MX_ADC2_Init	40	static
../Core/Src/main.c:592:13:MX_I2C1_Init	8	static
../Core/Src/main.c:640:13:MX_TIM1_Init	120	static
../Core/Src/main.c:734:13:MX_TIM2_Init	48	static
../Core/Src/main.c:783:13:MX_TIM3_Init	40	static
../Core/Src/main.c:835:13:MX_USART2_UART_Init	8	static
../Core/Src/main.c:883:13:MX_GPIO_Init	40	static
../Core/Src/main.c:944:6:Error_Handler	4	static,ignoring_inline_asm
