../Core/Src/main.c:70:6:driveFast	32	static
../Core/Src/main.c:76:6:lineFollow	40	static
../Core/Src/main.c:82:6:shoot	40	static
../Core/Src/main.c:87:6:surprise	32	static
../Core/Src/main.c:105:5:main	16	static
../Core/Src/main.c:170:6:SystemClock_Config	88	static
../Core/Src/main.c:217:13:MX_ADC2_Init	40	static
../Core/Src/main.c:276:13:MX_TIM1_Init	120	static
../Core/Src/main.c:370:13:MX_TIM3_Init	40	static
../Core/Src/main.c:422:13:MX_USART2_UART_Init	8	static
../Core/Src/main.c:470:13:MX_GPIO_Init	40	static
../Core/Src/main.c:536:6:Error_Handler	4	static,ignoring_inline_asm
