../Core/Src/main.c:120:6:runMotors	144	static
../Core/Src/main.c:149:6:setBit	16	static
../Core/Src/main.c:157:9:selectMuxAddr	136	static
../Core/Src/main.c:181:10:readSensor	144	static
../Core/Src/main.c:211:10:getRGB	24	static
../Core/Src/main.c:224:6:initSensors	136	static
../Core/Src/main.c:284:6:initIMU	128	static
../Core/Src/main.c:336:6:readIMURaw	152	static
../Core/Src/main.c:374:8:getAngle	152	static
../Core/Src/main.c:400:6:autoCalibrate	144	static
../Core/Src/main.c:468:6:manCalibrate	128	static
../Core/Src/main.c:492:6:midCalibrate	144	static
../Core/Src/main.c:557:6:rotateToAngle	40	static
../Core/Src/main.c:582:6:shoot	8	static
../Core/Src/main.c:586:6:intakeAndStuff	24	static
../Core/Src/main.c:646:6:release_shooter	4	static
../Core/Src/main.c:649:6:hold_shooter	4	static
../Core/Src/main.c:652:6:release_net	4	static
../Core/Src/main.c:655:6:hold_net	4	static
../Core/Src/main.c:666:5:main	200	static
../Core/Src/main.c:878:6:SystemClock_Config	88	static
../Core/Src/main.c:925:13:MX_ADC2_Init	40	static
../Core/Src/main.c:984:13:MX_I2C1_Init	8	static
../Core/Src/main.c:1032:13:MX_TIM1_Init	120	static
../Core/Src/main.c:1126:13:MX_TIM3_Init	48	static
../Core/Src/main.c:1175:13:MX_TIM4_Init	48	static
../Core/Src/main.c:1228:13:MX_USART2_UART_Init	8	static
../Core/Src/main.c:1276:13:MX_GPIO_Init	40	static
../Core/Src/main.c:1337:6:Error_Handler	4	static,ignoring_inline_asm
