../Core/Src/main.c:91:6:driveFast	136	static
../Core/Src/main.c:111:6:lineFollow	48	static
../Core/Src/main.c:132:6:shoot	40	static
../Core/Src/main.c:137:6:surprise	32	static
../Core/Src/main.c:147:6:runMotors	32	static
../Core/Src/main.c:162:6:setBit	16	static
../Core/Src/main.c:177:5:main	120	static
../Core/Src/main.c:269:6:SystemClock_Config	88	static
../Core/Src/main.c:316:13:MX_ADC2_Init	40	static
../Core/Src/main.c:375:13:MX_TIM1_Init	120	static
../Core/Src/main.c:469:13:MX_TIM2_Init	48	static
../Core/Src/main.c:518:13:MX_TIM3_Init	40	static
../Core/Src/main.c:570:13:MX_USART2_UART_Init	8	static
../Core/Src/main.c:618:13:MX_GPIO_Init	40	static
../Core/Src/main.c:685:6:Error_Handler	4	static,ignoring_inline_asm
