../Drivers/BSP/Components/vl53l4cx/vl53l4cx.c:165:9:VL53L4CX_DeInit	8	static
../Drivers/BSP/Components/vl53l4cx/vl53l4cx.c:215:9:VL53L4CX_GetCapabilities	0	static
../Drivers/BSP/Components/vl53l4cx/vl53l4cx.c:326:9:VL53L4CX_ConfigIT	0	static
../Drivers/BSP/Components/vl53l4cx/vl53l4cx.c:511:9:VL53L4CX_GetAddress	0	static
../Drivers/BSP/Components/vl53l4cx/vl53l4cx.c:535:9:VL53L4CX_SetPowerMode	0	static
../Drivers/BSP/Components/vl53l4cx/vl53l4cx.c:126:9:VL53L4CX_Init	16	static
../Drivers/BSP/Components/vl53l4cx/vl53l4cx.c:192:9:VL53L4CX_ReadID	8	static
../Drivers/BSP/Components/vl53l4cx/vl53l4cx.c:243:9:VL53L4CX_ConfigProfile	16	static
../Drivers/BSP/Components/vl53l4cx/vl53l4cx.c:290:9:VL53L4CX_ConfigROI	16	static
../Drivers/BSP/Components/vl53l4cx/vl53l4cx.c:609:16:vl53l4cx_poll_for_measurement	24	static
../Drivers/BSP/Components/vl53l4cx/vl53l4cx.c:339:9:VL53L4CX_GetDistance	24	static
../Drivers/BSP/Components/vl53l4cx/vl53l4cx.c:392:9:VL53L4CX_Start	24	static
../Drivers/BSP/Components/vl53l4cx/vl53l4cx.c:452:9:VL53L4CX_Stop	8	static
../Drivers/BSP/Components/vl53l4cx/vl53l4cx.c:484:9:VL53L4CX_SetAddress	16	static
../Drivers/BSP/Components/vl53l4cx/vl53l4cx.c:549:9:VL53L4CX_GetPowerMode	0	static
../Drivers/BSP/Components/vl53l4cx/vl53l4cx.c:91:9:VL53L4CX_RegisterBusIO	0	static
../Drivers/BSP/Components/vl53l4cx/vl53l4cx.c:562:9:VL53L4CX_OffsetCalibration	16	static
../Drivers/BSP/Components/vl53l4cx/vl53l4cx.c:589:9:VL53L4CX_XTalkCalibration	8	static
