../Drivers/BSP/Components/vl53l4cx/modules/vl53lx_api.c:291:21:SetPresetModeL3CX	64	static
../Drivers/BSP/Components/vl53l4cx/modules/vl53lx_api.c:95:14:VL53LX_GetVersion	0	static
../Drivers/BSP/Components/vl53l4cx/modules/vl53lx_api.c:111:14:VL53LX_GetProductRevision	0	static
../Drivers/BSP/Components/vl53l4cx/modules/vl53lx_api.c:130:14:VL53LX_GetDeviceInfo	0	static
../Drivers/BSP/Components/vl53l4cx/modules/vl53lx_api.c:152:14:VL53LX_GetUID	16	static
../Drivers/BSP/Components/vl53l4cx/modules/vl53lx_api.c:171:14:VL53LX_SetDeviceAddress	16	static
../Drivers/BSP/Components/vl53l4cx/modules/vl53lx_api.c:247:14:VL53LX_WaitDeviceBooted	0	static
../Drivers/BSP/Components/vl53l4cx/modules/vl53lx_api.c:367:14:VL53LX_SetDistanceMode	32	static
../Drivers/BSP/Components/vl53l4cx/modules/vl53lx_api.c:418:14:VL53LX_GetDistanceMode	0	static
../Drivers/BSP/Components/vl53l4cx/modules/vl53lx_api.c:432:14:VL53LX_SetMeasurementTimingBudgetMicroSeconds	32	static
../Drivers/BSP/Components/vl53l4cx/modules/vl53lx_api.c:497:14:VL53LX_GetMeasurementTimingBudgetMicroSeconds	24	static
../Drivers/BSP/Components/vl53l4cx/modules/vl53lx_api.c:527:14:VL53LX_SetUserROI	80	static
../Drivers/BSP/Components/vl53l4cx/modules/vl53lx_api.c:557:14:VL53LX_GetUserROI	72	static
../Drivers/BSP/Components/vl53l4cx/modules/vl53lx_api.c:592:14:VL53LX_StartMeasurement	8	static
../Drivers/BSP/Components/vl53l4cx/modules/vl53lx_api.c:622:14:VL53LX_StopMeasurement	16	static
../Drivers/BSP/Components/vl53l4cx/modules/vl53lx_api.c:637:14:VL53LX_ClearInterruptAndStartMeasurement	0	static
../Drivers/BSP/Components/vl53l4cx/modules/vl53lx_api.c:654:14:VL53LX_GetMeasurementDataReady	0	static
../Drivers/BSP/Components/vl53l4cx/modules/vl53lx_api.c:667:14:VL53LX_WaitMeasurementDataReady	0	static
../Drivers/BSP/Components/vl53l4cx/modules/vl53lx_api.c:1031:14:VL53LX_GetMultiRangingData	72	static
../Drivers/BSP/Components/vl53l4cx/modules/vl53lx_api.c:1060:14:VL53LX_GetAdditionalData	0	static
../Drivers/BSP/Components/vl53l4cx/modules/vl53lx_api.c:1078:14:VL53LX_SetTuningParameter	8	static
../Drivers/BSP/Components/vl53l4cx/modules/vl53lx_api.c:1104:14:VL53LX_GetTuningParameter	4	static
../Drivers/BSP/Components/vl53l4cx/modules/vl53lx_api.c:1127:14:VL53LX_PerformRefSpadManagement	48	static
../Drivers/BSP/Components/vl53l4cx/modules/vl53lx_api.c:1194:14:VL53LX_SmudgeCorrectionEnable	16	static
../Drivers/BSP/Components/vl53l4cx/modules/vl53lx_api.c:189:14:VL53LX_DataInit	8	static
../Drivers/BSP/Components/vl53l4cx/modules/vl53lx_api.c:1243:14:VL53LX_SetXTalkCompensationEnable	0	static
../Drivers/BSP/Components/vl53l4cx/modules/vl53lx_api.c:1260:14:VL53LX_GetXTalkCompensationEnable	8	static
../Drivers/BSP/Components/vl53l4cx/modules/vl53lx_api.c:1351:14:VL53LX_SetOffsetCorrectionMode	0	static
../Drivers/BSP/Components/vl53l4cx/modules/vl53lx_api.c:1380:14:VL53LX_PerformOffsetSimpleCalibration	160	static
../Drivers/BSP/Components/vl53l4cx/modules/vl53lx_api.c:1481:14:VL53LX_PerformOffsetZeroDistanceCalibration	160	static
../Drivers/BSP/Components/vl53l4cx/modules/vl53lx_api.c:1573:14:VL53LX_SetCalibrationData	440	static
../Drivers/BSP/Components/vl53l4cx/modules/vl53lx_api.c:1689:14:VL53LX_GetCalibrationData	440	static
../Drivers/BSP/Components/vl53l4cx/modules/vl53lx_api.c:1275:14:VL53LX_PerformXTalkCalibration	456	static
../Drivers/BSP/Components/vl53l4cx/modules/vl53lx_api.c:1801:14:VL53LX_PerformOffsetPerVcselCalibration	184	static
../Drivers/BSP/Components/vl53l4cx/modules/vl53lx_api.c:1945:14:VL53LX_GetOpticalCenter	400	static
