../Drivers/BSP/Components/vl53l4cx/modules/vl53lx_hist_core.c:41:6:VL53LX_f_022	24	static
../Drivers/BSP/Components/vl53l4cx/modules/vl53lx_hist_core.c:73:14:VL53LX_f_018	24	static
../Drivers/BSP/Components/vl53l4cx/modules/vl53lx_hist_core.c:209:6:VL53LX_f_019	24	static
../Drivers/BSP/Components/vl53l4cx/modules/vl53lx_hist_core.c:255:7:VL53LX_f_029	8	static
../Drivers/BSP/Components/vl53l4cx/modules/vl53lx_hist_core.c:357:9:VL53LX_f_030	16	static
../Drivers/BSP/Components/vl53l4cx/modules/vl53lx_hist_core.c:269:7:VL53LX_f_005	32	static
../Drivers/BSP/Components/vl53l4cx/modules/vl53lx_hist_core.c:396:15:VL53LX_f_031	56	static
