12:42:38 **** Incremental Build of configuration Debug for project 380_robot_code ****
make -j16 all 
arm-none-eabi-gcc "../Core/Src/main.c" -mcpu=cortex-m4 -std=gnu11 -g3 -DDEBUG -DUSE_HAL_DRIVER -DSTM32G431xx -c -I../Core/Inc -I../Drivers/STM32G4xx_HAL_Driver/Inc -I../Drivers/STM32G4xx_HAL_Driver/Inc/Legacy -I../Drivers/CMSIS/Device/ST/STM32G4xx/Include -I../Drivers/CMSIS/Include -I../Drivers/BSP/Components/vl53l4cx/modules -I../Drivers/BSP/Components/vl53l4cx/porting -I../Drivers/BSP/Components/vl53l4cx -O0 -ffunction-sections -fdata-sections -Wall -fstack-usage -fcyclomatic-complexity -MMD -MP -MF"Core/Src/main.d" -MT"Core/Src/main.o" --specs=nano.specs -mfpu=fpv4-sp-d16 -mfloat-abi=hard -mthumb -o "Core/Src/main.o"
arm-none-eabi-gcc -o "380_robot_code.elf" @"objects.list"   -mcpu=cortex-m4 -T"C:\Users\Leo\STM32CubeIDE\380_code\380_robot\380_robot_code\STM32G431KBTX_FLASH.ld" --specs=nosys.specs -Wl,-Map="380_robot_code.map" -Wl,--gc-sections -static --specs=nano.specs -mfpu=fpv4-sp-d16 -mfloat-abi=hard -mthumb -u _printf_float -Wl,--start-group -lc -lm -Wl,--end-group
C:/ST/STM32CubeIDE_1.12.1/STM32CubeIDE/plugins/com.st.stm32cube.ide.mcu.externaltools.gnu-tools-for-stm32.12.3.rel1.win32_1.0.100.202403111256/tools/bin/../lib/gcc/arm-none-eabi/12.3.1/../../../../arm-none-eabi/bin/ld.exe: warning: 380_robot_code.elf has a LOAD segment with RWX permissions
Finished building target: 380_robot_code.elf
 
arm-none-eabi-size  380_robot_code.elf 
arm-none-eabi-objdump -h -S 380_robot_code.elf  > "380_robot_code.list"
   text	   data	    bss	    dec	    hex	filename
  45228	    476	   2476	  48180	   bc34	380_robot_code.elf
Finished building: default.size.stdout
 
Finished building: 380_robot_code.list
 
12:42:42 **** Incremental Build of configuration Debug for project 380_robot_code ****
make -j16 all 
arm-none-eabi-size  380_robot_code.elf 
   text	   data	    bss	    dec	    hex	filename
  45228	    476	   2476	  48180	   bc34	380_robot_code.elf
Finished building: default.size.stdout
 
12:43:24 **** Incremental Build of configuration Debug for project 380_robot_code ****
make -j16 all 
arm-none-eabi-size  380_robot_code.elf 
   text	   data	    bss	    dec	    hex	filename
  45228	    476	   2476	  48180	   bc34	380_robot_code.elf
Finished building: default.size.stdout
 
12:43:49 **** Incremental Build of configuration Debug for project 380_robot_code ****
make -j16 all 
arm-none-eabi-gcc "../Core/Src/main.c" -mcpu=cortex-m4 -std=gnu11 -g3 -DDEBUG -DUSE_HAL_DRIVER -DSTM32G431xx -c -I../Core/Inc -I../Drivers/STM32G4xx_HAL_Driver/Inc -I../Drivers/STM32G4xx_HAL_Driver/Inc/Legacy -I../Drivers/CMSIS/Device/ST/STM32G4xx/Include -I../Drivers/CMSIS/Include -I../Drivers/BSP/Components/vl53l4cx/modules -I../Drivers/BSP/Components/vl53l4cx/porting -I../Drivers/BSP/Components/vl53l4cx -O0 -ffunction-sections -fdata-sections -Wall -fstack-usage -fcyclomatic-complexity -MMD -MP -MF"Core/Src/main.d" -MT"Core/Src/main.o" --specs=nano.specs -mfpu=fpv4-sp-d16 -mfloat-abi=hard -mthumb -o "Core/Src/main.o"
arm-none-eabi-gcc -o "380_robot_code.elf" @"objects.list"   -mcpu=cortex-m4 -T"C:\Users\Leo\STM32CubeIDE\380_code\380_robot\380_robot_code\STM32G431KBTX_FLASH.ld" --specs=nosys.specs -Wl,-Map="380_robot_code.map" -Wl,--gc-sections -static --specs=nano.specs -mfpu=fpv4-sp-d16 -mfloat-abi=hard -mthumb -u _printf_float -Wl,--start-group -lc -lm -Wl,--end-group
C:/ST/STM32CubeIDE_1.12.1/STM32CubeIDE/plugins/com.st.stm32cube.ide.mcu.externaltools.gnu-tools-for-stm32.12.3.rel1.win32_1.0.100.202403111256/tools/bin/../lib/gcc/arm-none-eabi/12.3.1/../../../../arm-none-eabi/bin/ld.exe: warning: 380_robot_code.elf has a LOAD segment with RWX permissions
Finished building target: 380_robot_code.elf
 
arm-none-eabi-size  380_robot_code.elf 
arm-none-eabi-objdump -h -S 380_robot_code.elf  > "380_robot_code.list"
   text	   data	    bss	    dec	    hex	filename
  44348	    476	   2476	  47300	   b8c4	380_robot_code.elf
Finished building: default.size.stdout
 
Finished building: 380_robot_code.list
 
12:45:37 **** Incremental Build of configuration Debug for project 380_robot_code ****
make -j16 all 
arm-none-eabi-gcc "../Core/Src/main.c" -mcpu=cortex-m4 -std=gnu11 -g3 -DDEBUG -DUSE_HAL_DRIVER -DSTM32G431xx -c -I../Core/Inc -I../Drivers/STM32G4xx_HAL_Driver/Inc -I../Drivers/STM32G4xx_HAL_Driver/Inc/Legacy -I../Drivers/CMSIS/Device/ST/STM32G4xx/Include -I../Drivers/CMSIS/Include -I../Drivers/BSP/Components/vl53l4cx/modules -I../Drivers/BSP/Components/vl53l4cx/porting -I../Drivers/BSP/Components/vl53l4cx -O0 -ffunction-sections -fdata-sections -Wall -fstack-usage -fcyclomatic-complexity -MMD -MP -MF"Core/Src/main.d" -MT"Core/Src/main.o" --specs=nano.specs -mfpu=fpv4-sp-d16 -mfloat-abi=hard -mthumb -o "Core/Src/main.o"
arm-none-eabi-gcc -o "380_robot_code.elf" @"objects.list"   -mcpu=cortex-m4 -T"C:\Users\Leo\STM32CubeIDE\380_code\380_robot\380_robot_code\STM32G431KBTX_FLASH.ld" --specs=nosys.specs -Wl,-Map="380_robot_code.map" -Wl,--gc-sections -static --specs=nano.specs -mfpu=fpv4-sp-d16 -mfloat-abi=hard -mthumb -u _printf_float -Wl,--start-group -lc -lm -Wl,--end-group
C:/ST/STM32CubeIDE_1.12.1/STM32CubeIDE/plugins/com.st.stm32cube.ide.mcu.externaltools.gnu-tools-for-stm32.12.3.rel1.win32_1.0.100.202403111256/tools/bin/../lib/gcc/arm-none-eabi/12.3.1/../../../../arm-none-eabi/bin/ld.exe: warning: 380_robot_code.elf has a LOAD segment with RWX permissions
Finished building target: 380_robot_code.elf
 
arm-none-eabi-size  380_robot_code.elf 
arm-none-eabi-objdump -h -S 380_robot_code.elf  > "380_robot_code.list"
   text	   data	    bss	    dec	    hex	filename
  44372	    476	   2476	  47324	   b8dc	380_robot_code.elf
Finished building: default.size.stdout
 
Finished building: 380_robot_code.list
 
12:47:27 **** Incremental Build of configuration Debug for project 380_robot_code ****
make -j16 all 
arm-none-eabi-gcc "../Core/Src/main.c" -mcpu=cortex-m4 -std=gnu11 -g3 -DDEBUG -DUSE_HAL_DRIVER -DSTM32G431xx -c -I../Core/Inc -I../Drivers/STM32G4xx_HAL_Driver/Inc -I../Drivers/STM32G4xx_HAL_Driver/Inc/Legacy -I../Drivers/CMSIS/Device/ST/STM32G4xx/Include -I../Drivers/CMSIS/Include -I../Drivers/BSP/Components/vl53l4cx/modules -I../Drivers/BSP/Components/vl53l4cx/porting -I../Drivers/BSP/Components/vl53l4cx -O0 -ffunction-sections -fdata-sections -Wall -fstack-usage -fcyclomatic-complexity -MMD -MP -MF"Core/Src/main.d" -MT"Core/Src/main.o" --specs=nano.specs -mfpu=fpv4-sp-d16 -mfloat-abi=hard -mthumb -o "Core/Src/main.o"
arm-none-eabi-gcc -o "380_robot_code.elf" @"objects.list"   -mcpu=cortex-m4 -T"C:\Users\Leo\STM32CubeIDE\380_code\380_robot\380_robot_code\STM32G431KBTX_FLASH.ld" --specs=nosys.specs -Wl,-Map="380_robot_code.map" -Wl,--gc-sections -static --specs=nano.specs -mfpu=fpv4-sp-d16 -mfloat-abi=hard -mthumb -u _printf_float -Wl,--start-group -lc -lm -Wl,--end-group
C:/ST/STM32CubeIDE_1.12.1/STM32CubeIDE/plugins/com.st.stm32cube.ide.mcu.externaltools.gnu-tools-for-stm32.12.3.rel1.win32_1.0.100.202403111256/tools/bin/../lib/gcc/arm-none-eabi/12.3.1/../../../../arm-none-eabi/bin/ld.exe: warning: 380_robot_code.elf has a LOAD segment with RWX permissions
Finished building target: 380_robot_code.elf
 
arm-none-eabi-size  380_robot_code.elf 
arm-none-eabi-objdump -h -S 380_robot_code.elf  > "380_robot_code.list"
   text	   data	    bss	    dec	    hex	filename
  44388	    476	   2476	  47340	   b8ec	380_robot_code.elf
Finished building: default.size.stdout
 
Finished building: 380_robot_code.list
 
12:48:16 **** Incremental Build of configuration Debug for project 380_robot_code ****
make -j16 all 
arm-none-eabi-gcc "../Core/Src/main.c" -mcpu=cortex-m4 -std=gnu11 -g3 -DDEBUG -DUSE_HAL_DRIVER -DSTM32G431xx -c -I../Core/Inc -I../Drivers/STM32G4xx_HAL_Driver/Inc -I../Drivers/STM32G4xx_HAL_Driver/Inc/Legacy -I../Drivers/CMSIS/Device/ST/STM32G4xx/Include -I../Drivers/CMSIS/Include -I../Drivers/BSP/Components/vl53l4cx/modules -I../Drivers/BSP/Components/vl53l4cx/porting -I../Drivers/BSP/Components/vl53l4cx -O0 -ffunction-sections -fdata-sections -Wall -fstack-usage -fcyclomatic-complexity -MMD -MP -MF"Core/Src/main.d" -MT"Core/Src/main.o" --specs=nano.specs -mfpu=fpv4-sp-d16 -mfloat-abi=hard -mthumb -o "Core/Src/main.o"
arm-none-eabi-gcc -o "380_robot_code.elf" @"objects.list"   -mcpu=cortex-m4 -T"C:\Users\Leo\STM32CubeIDE\380_code\380_robot\380_robot_code\STM32G431KBTX_FLASH.ld" --specs=nosys.specs -Wl,-Map="380_robot_code.map" -Wl,--gc-sections -static --specs=nano.specs -mfpu=fpv4-sp-d16 -mfloat-abi=hard -mthumb -u _printf_float -Wl,--start-group -lc -lm -Wl,--end-group
C:/ST/STM32CubeIDE_1.12.1/STM32CubeIDE/plugins/com.st.stm32cube.ide.mcu.externaltools.gnu-tools-for-stm32.12.3.rel1.win32_1.0.100.202403111256/tools/bin/../lib/gcc/arm-none-eabi/12.3.1/../../../../arm-none-eabi/bin/ld.exe: warning: 380_robot_code.elf has a LOAD segment with RWX permissions
Finished building target: 380_robot_code.elf
 
arm-none-eabi-size  380_robot_code.elf 
arm-none-eabi-objdump -h -S 380_robot_code.elf  > "380_robot_code.list"
   text	   data	    bss	    dec	    hex	filename
  44404	    476	   2476	  47356	   b8fc	380_robot_code.elf
Finished building: default.size.stdout
 
Finished building: 380_robot_code.list
 
12:50:04 **** Incremental Build of configuration Debug for project 380_robot_code ****
make -j16 all 
arm-none-eabi-size  380_robot_code.elf 
   text	   data	    bss	    dec	    hex	filename
  44404	    476	   2476	  47356	   b8fc	380_robot_code.elf
Finished building: default.size.stdout
 
12:52:22 **** Incremental Build of configuration Debug for project 380_robot_code ****
make -j16 all 
arm-none-eabi-gcc "../Core/Src/main.c" -mcpu=cortex-m4 -std=gnu11 -g3 -DDEBUG -DUSE_HAL_DRIVER -DSTM32G431xx -c -I../Core/Inc -I../Drivers/STM32G4xx_HAL_Driver/Inc -I../Drivers/STM32G4xx_HAL_Driver/Inc/Legacy -I../Drivers/CMSIS/Device/ST/STM32G4xx/Include -I../Drivers/CMSIS/Include -I../Drivers/BSP/Components/vl53l4cx/modules -I../Drivers/BSP/Components/vl53l4cx/porting -I../Drivers/BSP/Components/vl53l4cx -O0 -ffunction-sections -fdata-sections -Wall -fstack-usage -fcyclomatic-complexity -MMD -MP -MF"Core/Src/main.d" -MT"Core/Src/main.o" --specs=nano.specs -mfpu=fpv4-sp-d16 -mfloat-abi=hard -mthumb -o "Core/Src/main.o"
arm-none-eabi-gcc -o "380_robot_code.elf" @"objects.list"   -mcpu=cortex-m4 -T"C:\Users\Leo\STM32CubeIDE\380_code\380_robot\380_robot_code\STM32G431KBTX_FLASH.ld" --specs=nosys.specs -Wl,-Map="380_robot_code.map" -Wl,--gc-sections -static --specs=nano.specs -mfpu=fpv4-sp-d16 -mfloat-abi=hard -mthumb -u _printf_float -Wl,--start-group -lc -lm -Wl,--end-group
C:/ST/STM32CubeIDE_1.12.1/STM32CubeIDE/plugins/com.st.stm32cube.ide.mcu.externaltools.gnu-tools-for-stm32.12.3.rel1.win32_1.0.100.202403111256/tools/bin/../lib/gcc/arm-none-eabi/12.3.1/../../../../arm-none-eabi/bin/ld.exe: warning: 380_robot_code.elf has a LOAD segment with RWX permissions
Finished building target: 380_robot_code.elf
 
arm-none-eabi-size  380_robot_code.elf 
arm-none-eabi-objdump -h -S 380_robot_code.elf  > "380_robot_code.list"
   text	   data	    bss	    dec	    hex	filename
  44404	    476	   2476	  47356	   b8fc	380_robot_code.elf
Finished building: default.size.stdout
 
Finished building: 380_robot_code.list
 
12:52:59 **** Incremental Build of configuration Debug for project 380_robot_code ****
make -j16 all 
arm-none-eabi-gcc "../Core/Src/main.c" -mcpu=cortex-m4 -std=gnu11 -g3 -DDEBUG -DUSE_HAL_DRIVER -DSTM32G431xx -c -I../Core/Inc -I../Drivers/STM32G4xx_HAL_Driver/Inc -I../Drivers/STM32G4xx_HAL_Driver/Inc/Legacy -I../Drivers/CMSIS/Device/ST/STM32G4xx/Include -I../Drivers/CMSIS/Include -I../Drivers/BSP/Components/vl53l4cx/modules -I../Drivers/BSP/Components/vl53l4cx/porting -I../Drivers/BSP/Components/vl53l4cx -O0 -ffunction-sections -fdata-sections -Wall -fstack-usage -fcyclomatic-complexity -MMD -MP -MF"Core/Src/main.d" -MT"Core/Src/main.o" --specs=nano.specs -mfpu=fpv4-sp-d16 -mfloat-abi=hard -mthumb -o "Core/Src/main.o"
arm-none-eabi-gcc -o "380_robot_code.elf" @"objects.list"   -mcpu=cortex-m4 -T"C:\Users\Leo\STM32CubeIDE\380_code\380_robot\380_robot_code\STM32G431KBTX_FLASH.ld" --specs=nosys.specs -Wl,-Map="380_robot_code.map" -Wl,--gc-sections -static --specs=nano.specs -mfpu=fpv4-sp-d16 -mfloat-abi=hard -mthumb -u _printf_float -Wl,--start-group -lc -lm -Wl,--end-group
C:/ST/STM32CubeIDE_1.12.1/STM32CubeIDE/plugins/com.st.stm32cube.ide.mcu.externaltools.gnu-tools-for-stm32.12.3.rel1.win32_1.0.100.202403111256/tools/bin/../lib/gcc/arm-none-eabi/12.3.1/../../../../arm-none-eabi/bin/ld.exe: warning: 380_robot_code.elf has a LOAD segment with RWX permissions
Finished building target: 380_robot_code.elf
 
arm-none-eabi-size  380_robot_code.elf 
arm-none-eabi-objdump -h -S 380_robot_code.elf  > "380_robot_code.list"
   text	   data	    bss	    dec	    hex	filename
  45636	    476	   2476	  48588	   bdcc	380_robot_code.elf
Finished building: default.size.stdout
 
Finished building: 380_robot_code.list
 
12:56:11 **** Incremental Build of configuration Debug for project 380_robot_code ****
make -j16 all 
arm-none-eabi-gcc "../Core/Src/main.c" -mcpu=cortex-m4 -std=gnu11 -g3 -DDEBUG -DUSE_HAL_DRIVER -DSTM32G431xx -c -I../Core/Inc -I../Drivers/STM32G4xx_HAL_Driver/Inc -I../Drivers/STM32G4xx_HAL_Driver/Inc/Legacy -I../Drivers/CMSIS/Device/ST/STM32G4xx/Include -I../Drivers/CMSIS/Include -I../Drivers/BSP/Components/vl53l4cx/modules -I../Drivers/BSP/Components/vl53l4cx/porting -I../Drivers/BSP/Components/vl53l4cx -O0 -ffunction-sections -fdata-sections -Wall -fstack-usage -fcyclomatic-complexity -MMD -MP -MF"Core/Src/main.d" -MT"Core/Src/main.o" --specs=nano.specs -mfpu=fpv4-sp-d16 -mfloat-abi=hard -mthumb -o "Core/Src/main.o"
arm-none-eabi-gcc -o "380_robot_code.elf" @"objects.list"   -mcpu=cortex-m4 -T"C:\Users\Leo\STM32CubeIDE\380_code\380_robot\380_robot_code\STM32G431KBTX_FLASH.ld" --specs=nosys.specs -Wl,-Map="380_robot_code.map" -Wl,--gc-sections -static --specs=nano.specs -mfpu=fpv4-sp-d16 -mfloat-abi=hard -mthumb -u _printf_float -Wl,--start-group -lc -lm -Wl,--end-group
C:/ST/STM32CubeIDE_1.12.1/STM32CubeIDE/plugins/com.st.stm32cube.ide.mcu.externaltools.gnu-tools-for-stm32.12.3.rel1.win32_1.0.100.202403111256/tools/bin/../lib/gcc/arm-none-eabi/12.3.1/../../../../arm-none-eabi/bin/ld.exe: warning: 380_robot_code.elf has a LOAD segment with RWX permissions
Finished building target: 380_robot_code.elf
 
arm-none-eabi-size  380_robot_code.elf 
arm-none-eabi-objdump -h -S 380_robot_code.elf  > "380_robot_code.list"
   text	   data	    bss	    dec	    hex	filename
  45636	    476	   2476	  48588	   bdcc	380_robot_code.elf
Finished building: default.size.stdout
 
Finished building: 380_robot_code.list
 
12:58:08 **** Incremental Build of configuration Debug for project 380_robot_code ****
make -j16 all 
arm-none-eabi-gcc "../Core/Src/main.c" -mcpu=cortex-m4 -std=gnu11 -g3 -DDEBUG -DUSE_HAL_DRIVER -DSTM32G431xx -c -I../Core/Inc -I../Drivers/STM32G4xx_HAL_Driver/Inc -I../Drivers/STM32G4xx_HAL_Driver/Inc/Legacy -I../Drivers/CMSIS/Device/ST/STM32G4xx/Include -I../Drivers/CMSIS/Include -I../Drivers/BSP/Components/vl53l4cx/modules -I../Drivers/BSP/Components/vl53l4cx/porting -I../Drivers/BSP/Components/vl53l4cx -O0 -ffunction-sections -fdata-sections -Wall -fstack-usage -fcyclomatic-complexity -MMD -MP -MF"Core/Src/main.d" -MT"Core/Src/main.o" --specs=nano.specs -mfpu=fpv4-sp-d16 -mfloat-abi=hard -mthumb -o "Core/Src/main.o"
arm-none-eabi-gcc -o "380_robot_code.elf" @"objects.list"   -mcpu=cortex-m4 -T"C:\Users\Leo\STM32CubeIDE\380_code\380_robot\380_robot_code\STM32G431KBTX_FLASH.ld" --specs=nosys.specs -Wl,-Map="380_robot_code.map" -Wl,--gc-sections -static --specs=nano.specs -mfpu=fpv4-sp-d16 -mfloat-abi=hard -mthumb -u _printf_float -Wl,--start-group -lc -lm -Wl,--end-group
C:/ST/STM32CubeIDE_1.12.1/STM32CubeIDE/plugins/com.st.stm32cube.ide.mcu.externaltools.gnu-tools-for-stm32.12.3.rel1.win32_1.0.100.202403111256/tools/bin/../lib/gcc/arm-none-eabi/12.3.1/../../../../arm-none-eabi/bin/ld.exe: warning: 380_robot_code.elf has a LOAD segment with RWX permissions
Finished building target: 380_robot_code.elf
 
arm-none-eabi-size  380_robot_code.elf 
arm-none-eabi-objdump -h -S 380_robot_code.elf  > "380_robot_code.list"
   text	   data	    bss	    dec	    hex	filename
  45636	    476	   2476	  48588	   bdcc	380_robot_code.elf
Finished building: default.size.stdout
 
Finished building: 380_robot_code.list
 
13:07:52 **** Incremental Build of configuration Debug for project 380_robot_code ****
make -j16 all 
arm-none-eabi-gcc "../Core/Src/main.c" -mcpu=cortex-m4 -std=gnu11 -g3 -DDEBUG -DUSE_HAL_DRIVER -DSTM32G431xx -c -I../Core/Inc -I../Drivers/STM32G4xx_HAL_Driver/Inc -I../Drivers/STM32G4xx_HAL_Driver/Inc/Legacy -I../Drivers/CMSIS/Device/ST/STM32G4xx/Include -I../Drivers/CMSIS/Include -I../Drivers/BSP/Components/vl53l4cx/modules -I../Drivers/BSP/Components/vl53l4cx/porting -I../Drivers/BSP/Components/vl53l4cx -O0 -ffunction-sections -fdata-sections -Wall -fstack-usage -fcyclomatic-complexity -MMD -MP -MF"Core/Src/main.d" -MT"Core/Src/main.o" --specs=nano.specs -mfpu=fpv4-sp-d16 -mfloat-abi=hard -mthumb -o "Core/Src/main.o"
arm-none-eabi-gcc -o "380_robot_code.elf" @"objects.list"   -mcpu=cortex-m4 -T"C:\Users\Leo\STM32CubeIDE\380_code\380_robot\380_robot_code\STM32G431KBTX_FLASH.ld" --specs=nosys.specs -Wl,-Map="380_robot_code.map" -Wl,--gc-sections -static --specs=nano.specs -mfpu=fpv4-sp-d16 -mfloat-abi=hard -mthumb -u _printf_float -Wl,--start-group -lc -lm -Wl,--end-group
C:/ST/STM32CubeIDE_1.12.1/STM32CubeIDE/plugins/com.st.stm32cube.ide.mcu.externaltools.gnu-tools-for-stm32.12.3.rel1.win32_1.0.100.202403111256/tools/bin/../lib/gcc/arm-none-eabi/12.3.1/../../../../arm-none-eabi/bin/ld.exe: warning: 380_robot_code.elf has a LOAD segment with RWX permissions
Finished building target: 380_robot_code.elf
 
arm-none-eabi-size  380_robot_code.elf 
arm-none-eabi-objdump -h -S 380_robot_code.elf  > "380_robot_code.list"
   text	   data	    bss	    dec	    hex	filename
  45724	    476	   2476	  48676	   be24	380_robot_code.elf
Finished building: default.size.stdout
 
Finished building: 380_robot_code.list
 
13:14:51 **** Incremental Build of configuration Debug for project 380_robot_code ****
make -j16 all 
arm-none-eabi-gcc "../Core/Src/main.c" -mcpu=cortex-m4 -std=gnu11 -g3 -DDEBUG -DUSE_HAL_DRIVER -DSTM32G431xx -c -I../Core/Inc -I../Drivers/STM32G4xx_HAL_Driver/Inc -I../Drivers/STM32G4xx_HAL_Driver/Inc/Legacy -I../Drivers/CMSIS/Device/ST/STM32G4xx/Include -I../Drivers/CMSIS/Include -I../Drivers/BSP/Components/vl53l4cx/modules -I../Drivers/BSP/Components/vl53l4cx/porting -I../Drivers/BSP/Components/vl53l4cx -O0 -ffunction-sections -fdata-sections -Wall -fstack-usage -fcyclomatic-complexity -MMD -MP -MF"Core/Src/main.d" -MT"Core/Src/main.o" --specs=nano.specs -mfpu=fpv4-sp-d16 -mfloat-abi=hard -mthumb -o "Core/Src/main.o"
arm-none-eabi-gcc -o "380_robot_code.elf" @"objects.list"   -mcpu=cortex-m4 -T"C:\Users\Leo\STM32CubeIDE\380_code\380_robot\380_robot_code\STM32G431KBTX_FLASH.ld" --specs=nosys.specs -Wl,-Map="380_robot_code.map" -Wl,--gc-sections -static --specs=nano.specs -mfpu=fpv4-sp-d16 -mfloat-abi=hard -mthumb -u _printf_float -Wl,--start-group -lc -lm -Wl,--end-group
C:/ST/STM32CubeIDE_1.12.1/STM32CubeIDE/plugins/com.st.stm32cube.ide.mcu.externaltools.gnu-tools-for-stm32.12.3.rel1.win32_1.0.100.202403111256/tools/bin/../lib/gcc/arm-none-eabi/12.3.1/../../../../arm-none-eabi/bin/ld.exe: warning: 380_robot_code.elf has a LOAD segment with RWX permissions
Finished building target: 380_robot_code.elf
 
arm-none-eabi-size  380_robot_code.elf 
arm-none-eabi-objdump -h -S 380_robot_code.elf  > "380_robot_code.list"
   text	   data	    bss	    dec	    hex	filename
  45860	    476	   2476	  48812	   beac	380_robot_code.elf
Finished building: default.size.stdout
 
Finished building: 380_robot_code.list
 
14:39:17 **** Clean-only build of configuration Debug for project 380_robot_code ****
make -j16 clean 
rm -rf ./Drivers/STM32G4xx_HAL_Driver/Src/stm32g4xx_hal.cyclo ./Drivers/STM32G4xx_HAL_Driver/Src/stm32g4xx_hal.d ./Drivers/STM32G4xx_HAL_Driver/Src/stm32g4xx_hal.o ./Drivers/STM32G4xx_HAL_Driver/Src/stm32g4xx_hal.su ./Drivers/STM32G4xx_HAL_Driver/Src/stm32g4xx_hal_adc.cyclo ./Drivers/STM32G4xx_HAL_Driver/Src/stm32g4xx_hal_adc.d ./Drivers/STM32G4xx_HAL_Driver/Src/stm32g4xx_hal_adc.o ./Drivers/STM32G4xx_HAL_Driver/Src/stm32g4xx_hal_adc.su ./Drivers/STM32G4xx_HAL_Driver/Src/stm32g4xx_hal_adc_ex.cyclo ./Drivers/STM32G4xx_HAL_Driver/Src/stm32g4xx_hal_adc_ex.d ./Drivers/STM32G4xx_HAL_Driver/Src/stm32g4xx_hal_adc_ex.o ./Drivers/STM32G4xx_HAL_Driver/Src/stm32g4xx_hal_adc_ex.su ./Drivers/STM32G4xx_HAL_Driver/Src/stm32g4xx_hal_cortex.cyclo ./Drivers/STM32G4xx_HAL_Driver/Src/stm32g4xx_hal_cortex.d ./Drivers/STM32G4xx_HAL_Driver/Src/stm32g4xx_hal_cortex.o ./Drivers/STM32G4xx_HAL_Driver/Src/stm32g4xx_hal_cortex.su ./Drivers/STM32G4xx_HAL_Driver/Src/stm32g4xx_hal_dma.cyclo ./Drivers/STM32G4xx_HAL_Driver/Src/stm32g4xx_hal_dma.d ./Drivers/STM32G4xx_HAL_Driver/Src/stm32g4xx_hal_dma.o ./Drivers/STM32G4xx_HAL_Driver/Src/stm32g4xx_hal_dma.su ./Drivers/STM32G4xx_HAL_Driver/Src/stm32g4xx_hal_dma_ex.cyclo ./Drivers/STM32G4xx_HAL_Driver/Src/stm32g4xx_hal_dma_ex.d ./Drivers/STM32G4xx_HAL_Driver/Src/stm32g4xx_hal_dma_ex.o ./Drivers/STM32G4xx_HAL_Driver/Src/stm32g4xx_hal_dma_ex.su ./Drivers/STM32G4xx_HAL_Driver/Src/stm32g4xx_hal_exti.cyclo ./Drivers/STM32G4xx_HAL_Driver/Src/stm32g4xx_hal_exti.d ./Drivers/STM32G4xx_HAL_Driver/Src/stm32g4xx_hal_exti.o ./Drivers/STM32G4xx_HAL_Driver/Src/stm32g4xx_hal_exti.su ./Drivers/STM32G4xx_HAL_Driver/Src/stm32g4xx_hal_flash.cyclo ./Drivers/STM32G4xx_HAL_Driver/Src/stm32g4xx_hal_flash.d ./Drivers/STM32G4xx_HAL_Driver/Src/stm32g4xx_hal_flash.o ./Drivers/STM32G4xx_HAL_Driver/Src/stm32g4xx_hal_flash.su ./Drivers/STM32G4xx_HAL_Driver/Src/stm32g4xx_hal_flash_ex.cyclo ./Drivers/STM32G4xx_HAL_Driver/Src/stm32g4xx_hal_flash_ex.d ./Drivers/STM32G4xx_HAL_Driver/Src/stm32g4xx_hal_flash_ex.o ./Drivers/STM32G4xx_HAL_Driver/Src/stm32g4xx_hal_flash_ex.su ./Drivers/STM32G4xx_HAL_Driver/Src/stm32g4xx_hal_flash_ramfunc.cyclo ./Drivers/STM32G4xx_HAL_Driver/Src/stm32g4xx_hal_flash_ramfunc.d ./Drivers/STM32G4xx_HAL_Driver/Src/stm32g4xx_hal_flash_ramfunc.o ./Drivers/STM32G4xx_HAL_Driver/Src/stm32g4xx_hal_flash_ramfunc.su ./Drivers/STM32G4xx_HAL_Driver/Src/stm32g4xx_hal_gpio.cyclo ./Drivers/STM32G4xx_HAL_Driver/Src/stm32g4xx_hal_gpio.d ./Drivers/STM32G4xx_HAL_Driver/Src/stm32g4xx_hal_gpio.o ./Drivers/STM32G4xx_HAL_Driver/Src/stm32g4xx_hal_gpio.su ./Drivers/STM32G4xx_HAL_Driver/Src/stm32g4xx_hal_i2c.cyclo ./Drivers/STM32G4xx_HAL_Driver/Src/stm32g4xx_hal_i2c.d ./Drivers/STM32G4xx_HAL_Driver/Src/stm32g4xx_hal_i2c.o ./Drivers/STM32G4xx_HAL_Driver/Src/stm32g4xx_hal_i2c.su ./Drivers/STM32G4xx_HAL_Driver/Src/stm32g4xx_hal_i2c_ex.cyclo ./Drivers/STM32G4xx_HAL_Driver/Src/stm32g4xx_hal_i2c_ex.d ./Drivers/STM32G4xx_HAL_Driver/Src/stm32g4xx_hal_i2c_ex.o ./Drivers/STM32G4xx_HAL_Driver/Src/stm32g4xx_hal_i2c_ex.su ./Drivers/STM32G4xx_HAL_Driver/Src/stm32g4xx_hal_pwr.cyclo ./Drivers/STM32G4xx_HAL_Driver/Src/stm32g4xx_hal_pwr.d ./Drivers/STM32G4xx_HAL_Driver/Src/stm32g4xx_hal_pwr.o ./Drivers/STM32G4xx_HAL_Driver/Src/stm32g4xx_hal_pwr.su ./Drivers/STM32G4xx_HAL_Driver/Src/stm32g4xx_hal_pwr_ex.cyclo ./Drivers/STM32G4xx_HAL_Driver/Src/stm32g4xx_hal_pwr_ex.d ./Drivers/STM32G4xx_HAL_Driver/Src/stm32g4xx_hal_pwr_ex.o ./Drivers/STM32G4xx_HAL_Driver/Src/stm32g4xx_hal_pwr_ex.su ./Drivers/STM32G4xx_HAL_Driver/Src/stm32g4xx_hal_rcc.cyclo ./Drivers/STM32G4xx_HAL_Driver/Src/stm32g4xx_hal_rcc.d ./Drivers/STM32G4xx_HAL_Driver/Src/stm32g4xx_hal_rcc.o ./Drivers/STM32G4xx_HAL_Driver/Src/stm32g4xx_hal_rcc.su ./Drivers/STM32G4xx_HAL_Driver/Src/stm32g4xx_hal_rcc_ex.cyclo ./Drivers/STM32G4xx_HAL_Driver/Src/stm32g4xx_hal_rcc_ex.d ./Drivers/STM32G4xx_HAL_Driver/Src/stm32g4xx_hal_rcc_ex.o ./Drivers/STM32G4xx_HAL_Driver/Src/stm32g4xx_hal_rcc_ex.su ./Drivers/STM32G4xx_HAL_Driver/Src/stm32g4xx_hal_tim.cyclo ./Drivers/STM32G4xx_HAL_Driver/Src/stm32g4xx_hal_tim.d ./Drivers/STM32G4xx_HAL_Driver/Src/stm32g4xx_hal_tim.o ./Drivers/STM32G4xx_HAL_Driver/Src/stm32g4xx_hal_tim.su ./Drivers/STM32G4xx_HAL_Driver/Src/stm32g4xx_hal_tim_ex.cyclo ./Drivers/STM32G4xx_HAL_Driver/Src/stm32g4xx_hal_tim_ex.d ./Drivers/STM32G4xx_HAL_Driver/Src/stm32g4xx_hal_tim_ex.o ./Drivers/STM32G4xx_HAL_Driver/Src/stm32g4xx_hal_tim_ex.su ./Drivers/STM32G4xx_HAL_Driver/Src/stm32g4xx_hal_uart.cyclo ./Drivers/STM32G4xx_HAL_Driver/Src/stm32g4xx_hal_uart.d ./Drivers/STM32G4xx_HAL_Driver/Src/stm32g4xx_hal_uart.o ./Drivers/STM32G4xx_HAL_Driver/Src/stm32g4xx_hal_uart.su ./Drivers/STM32G4xx_HAL_Driver/Src/stm32g4xx_hal_uart_ex.cyclo ./Drivers/STM32G4xx_HAL_Driver/Src/stm32g4xx_hal_uart_ex.d ./Drivers/STM32G4xx_HAL_Driver/Src/stm32g4xx_hal_uart_ex.o ./Drivers/STM32G4xx_HAL_Driver/Src/stm32g4xx_hal_uart_ex.su ./Drivers/STM32G4xx_HAL_Driver/Src/stm32g4xx_ll_adc.cyclo ./Drivers/STM32G4xx_HAL_Driver/Src/stm32g4xx_ll_adc.d ./Drivers/STM32G4xx_HAL_Driver/Src/stm32g4xx_ll_adc.o ./Drivers/STM32G4xx_HAL_Driver/Src/stm32g4xx_ll_adc.su
rm -rf ./Drivers/BSP/Components/vl53l4cx/porting/vl53lx_platform.cyclo ./Drivers/BSP/Components/vl53l4cx/porting/vl53lx_platform.d ./Drivers/BSP/Components/vl53l4cx/porting/vl53lx_platform.o ./Drivers/BSP/Components/vl53l4cx/porting/vl53lx_platform.su ./Drivers/BSP/Components/vl53l4cx/porting/vl53lx_platform_ipp.cyclo ./Drivers/BSP/Components/vl53l4cx/porting/vl53lx_platform_ipp.d ./Drivers/BSP/Components/vl53l4cx/porting/vl53lx_platform_ipp.o ./Drivers/BSP/Components/vl53l4cx/porting/vl53lx_platform_ipp.su ./Drivers/BSP/Components/vl53l4cx/porting/vl53lx_platform_log.cyclo ./Drivers/BSP/Components/vl53l4cx/porting/vl53lx_platform_log.d ./Drivers/BSP/Components/vl53l4cx/porting/vl53lx_platform_log.o ./Drivers/BSP/Components/vl53l4cx/porting/vl53lx_platform_log.su
rm -rf ./Drivers/BSP/Components/vl53l4cx/modules/vl53lx_api.cyclo ./Drivers/BSP/Components/vl53l4cx/modules/vl53lx_api.d ./Drivers/BSP/Components/vl53l4cx/modules/vl53lx_api.o ./Drivers/BSP/Components/vl53l4cx/modules/vl53lx_api.su ./Drivers/BSP/Components/vl53l4cx/modules/vl53lx_api_calibration.cyclo ./Drivers/BSP/Components/vl53l4cx/modules/vl53lx_api_calibration.d ./Drivers/BSP/Components/vl53l4cx/modules/vl53lx_api_calibration.o ./Drivers/BSP/Components/vl53l4cx/modules/vl53lx_api_calibration.su ./Drivers/BSP/Components/vl53l4cx/modules/vl53lx_api_core.cyclo ./Drivers/BSP/Components/vl53l4cx/modules/vl53lx_api_core.d ./Drivers/BSP/Components/vl53l4cx/modules/vl53lx_api_core.o ./Drivers/BSP/Components/vl53l4cx/modules/vl53lx_api_core.su ./Drivers/BSP/Components/vl53l4cx/modules/vl53lx_api_debug.cyclo ./Drivers/BSP/Components/vl53l4cx/modules/vl53lx_api_debug.d ./Drivers/BSP/Components/vl53l4cx/modules/vl53lx_api_debug.o ./Drivers/BSP/Components/vl53l4cx/modules/vl53lx_api_debug.su ./Drivers/BSP/Components/vl53l4cx/modules/vl53lx_api_preset_modes.cyclo ./Drivers/BSP/Components/vl53l4cx/modules/vl53lx_api_preset_modes.d ./Drivers/BSP/Components/vl53l4cx/modules/vl53lx_api_preset_modes.o ./Drivers/BSP/Components/vl53l4cx/modules/vl53lx_api_preset_modes.su ./Drivers/BSP/Components/vl53l4cx/modules/vl53lx_core.cyclo ./Drivers/BSP/Components/vl53l4cx/modules/vl53lx_core.d ./Drivers/BSP/Components/vl53l4cx/modules/vl53lx_core.o ./Drivers/BSP/Components/vl53l4cx/modules/vl53lx_core.su ./Drivers/BSP/Components/vl53l4cx/modules/vl53lx_core_support.cyclo ./Drivers/BSP/Components/vl53l4cx/modules/vl53lx_core_support.d ./Drivers/BSP/Components/vl53l4cx/modules/vl53lx_core_support.o ./Drivers/BSP/Components/vl53l4cx/modules/vl53lx_core_support.su ./Drivers/BSP/Components/vl53l4cx/modules/vl53lx_dmax.cyclo ./Drivers/BSP/Components/vl53l4cx/modules/vl53lx_dmax.d ./Drivers/BSP/Components/vl53l4cx/modules/vl53lx_dmax.o ./Drivers/BSP/Components/vl53l4cx/modules/vl53lx_dmax.su ./Drivers/BSP/Components/vl53l4cx/modules/vl53lx_hist_algos_gen3.cyclo ./Drivers/BSP/Components/vl53l4cx/modules/vl53lx_hist_algos_gen3.d ./Drivers/BSP/Components/vl53l4cx/modules/vl53lx_hist_algos_gen3.o ./Drivers/BSP/Components/vl53l4cx/modules/vl53lx_hist_algos_gen3.su ./Drivers/BSP/Components/vl53l4cx/modules/vl53lx_hist_algos_gen4.cyclo ./Drivers/BSP/Components/vl53l4cx/modules/vl53lx_hist_algos_gen4.d ./Drivers/BSP/Components/vl53l4cx/modules/vl53lx_hist_algos_gen4.o ./Drivers/BSP/Components/vl53l4cx/modules/vl53lx_hist_algos_gen4.su ./Drivers/BSP/Components/vl53l4cx/modules/vl53lx_hist_char.cyclo ./Drivers/BSP/Components/vl53l4cx/modules/vl53lx_hist_char.d ./Drivers/BSP/Components/vl53l4cx/modules/vl53lx_hist_char.o ./Drivers/BSP/Components/vl53l4cx/modules/vl53lx_hist_char.su ./Drivers/BSP/Components/vl53l4cx/modules/vl53lx_hist_core.cyclo ./Drivers/BSP/Components/vl53l4cx/modules/vl53lx_hist_core.d ./Drivers/BSP/Components/vl53l4cx/modules/vl53lx_hist_core.o ./Drivers/BSP/Components/vl53l4cx/modules/vl53lx_hist_core.su ./Drivers/BSP/Components/vl53l4cx/modules/vl53lx_hist_funcs.cyclo ./Drivers/BSP/Components/vl53l4cx/modules/vl53lx_hist_funcs.d ./Drivers/BSP/Components/vl53l4cx/modules/vl53lx_hist_funcs.o ./Drivers/BSP/Components/vl53l4cx/modules/vl53lx_hist_funcs.su ./Drivers/BSP/Components/vl53l4cx/modules/vl53lx_nvm.cyclo ./Drivers/BSP/Components/vl53l4cx/modules/vl53lx_nvm.d ./Drivers/BSP/Components/vl53l4cx/modules/vl53lx_nvm.o ./Drivers/BSP/Components/vl53l4cx/modules/vl53lx_nvm.su ./Drivers/BSP/Components/vl53l4cx/modules/vl53lx_nvm_debug.cyclo ./Drivers/BSP/Components/vl53l4cx/modules/vl53lx_nvm_debug.d ./Drivers/BSP/Components/vl53l4cx/modules/vl53lx_nvm_debug.o ./Drivers/BSP/Components/vl53l4cx/modules/vl53lx_nvm_debug.su ./Drivers/BSP/Components/vl53l4cx/modules/vl53lx_register_funcs.cyclo ./Drivers/BSP/Components/vl53l4cx/modules/vl53lx_register_funcs.d ./Drivers/BSP/Components/vl53l4cx/modules/vl53lx_register_funcs.o ./Drivers/BSP/Components/vl53l4cx/modules/vl53lx_register_funcs.su ./Drivers/BSP/Components/vl53l4cx/modules/vl53lx_sigma_estimate.cyclo ./Drivers/BSP/Components/vl53l4cx/modules/vl53lx_sigma_estimate.d ./Drivers/BSP/Components/vl53l4cx/modules/vl53lx_sigma_estimate.o ./Drivers/BSP/Components/vl53l4cx/modules/vl53lx_sigma_estimate.su ./Drivers/BSP/Components/vl53l4cx/modules/vl53lx_silicon_core.cyclo ./Drivers/BSP/Components/vl53l4cx/modules/vl53lx_silicon_core.d ./Drivers/BSP/Components/vl53l4cx/modules/vl53lx_silicon_core.o ./Drivers/BSP/Components/vl53l4cx/modules/vl53lx_silicon_core.su ./Drivers/BSP/Components/vl53l4cx/modules/vl53lx_wait.cyclo ./Drivers/BSP/Components/vl53l4cx/modules/vl53lx_wait.d ./Drivers/BSP/Components/vl53l4cx/modules/vl53lx_wait.o ./Drivers/BSP/Components/vl53l4cx/modules/vl53lx_wait.su ./Drivers/BSP/Components/vl53l4cx/modules/vl53lx_xtalk.cyclo ./Drivers/BSP/Components/vl53l4cx/modules/vl53lx_xtalk.d ./Drivers/BSP/Components/vl53l4cx/modules/vl53lx_xtalk.o ./Drivers/BSP/Components/vl53l4cx/modules/vl53lx_xtalk.su
rm -rf ./Drivers/BSP/Components/vl53l4cx/vl53l4cx.cyclo ./Drivers/BSP/Components/vl53l4cx/vl53l4cx.d ./Drivers/BSP/Components/vl53l4cx/vl53l4cx.o ./Drivers/BSP/Components/vl53l4cx/vl53l4cx.su
rm -rf ./Core/Startup/startup_stm32g431kbtx.d ./Core/Startup/startup_stm32g431kbtx.o
rm -rf ./Core/Src/main.cyclo ./Core/Src/main.d ./Core/Src/main.o ./Core/Src/main.su ./Core/Src/stm32g4xx_hal_msp.cyclo ./Core/Src/stm32g4xx_hal_msp.d ./Core/Src/stm32g4xx_hal_msp.o ./Core/Src/stm32g4xx_hal_msp.su ./Core/Src/stm32g4xx_it.cyclo ./Core/Src/stm32g4xx_it.d ./Core/Src/stm32g4xx_it.o ./Core/Src/stm32g4xx_it.su ./Core/Src/syscalls.cyclo ./Core/Src/syscalls.d ./Core/Src/syscalls.o ./Core/Src/syscalls.su ./Core/Src/sysmem.cyclo ./Core/Src/sysmem.d ./Core/Src/sysmem.o ./Core/Src/sysmem.su ./Core/Src/system_stm32g4xx.cyclo ./Core/Src/system_stm32g4xx.d ./Core/Src/system_stm32g4xx.o ./Core/Src/system_stm32g4xx.su
rm -rf 380_robot_code.elf 380_robot_code.list 380_robot_code.map default.size.stdout
 
14:39:18 **** Build of configuration Debug for project 380_robot_code ****
make -j16 all 
arm-none-eabi-gcc "../Drivers/STM32G4xx_HAL_Driver/Src/stm32g4xx_hal.c" -mcpu=cortex-m4 -std=gnu11 -g3 -DDEBUG -DUSE_HAL_DRIVER -DSTM32G431xx -c -I../Core/Inc -I../Drivers/STM32G4xx_HAL_Driver/Inc -I../Drivers/STM32G4xx_HAL_Driver/Inc/Legacy -I../Drivers/CMSIS/Device/ST/STM32G4xx/Include -I../Drivers/CMSIS/Include -I../Drivers/BSP/Components/vl53l4cx/modules -I../Drivers/BSP/Components/vl53l4cx/porting -I../Drivers/BSP/Components/vl53l4cx -O0 -ffunction-sections -fdata-sections -Wall -fstack-usage -fcyclomatic-complexity -MMD -MP -MF"Drivers/STM32G4xx_HAL_Driver/Src/stm32g4xx_hal.d" -MT"Drivers/STM32G4xx_HAL_Driver/Src/stm32g4xx_hal.o" --specs=nano.specs -mfpu=fpv4-sp-d16 -mfloat-abi=hard -mthumb -o "Drivers/STM32G4xx_HAL_Driver/Src/stm32g4xx_hal.o"
arm-none-eabi-gcc "../Drivers/STM32G4xx_HAL_Driver/Src/stm32g4xx_hal_adc.c" -mcpu=cortex-m4 -std=gnu11 -g3 -DDEBUG -DUSE_HAL_DRIVER -DSTM32G431xx -c -I../Core/Inc -I../Drivers/STM32G4xx_HAL_Driver/Inc -I../Drivers/STM32G4xx_HAL_Driver/Inc/Legacy -I../Drivers/CMSIS/Device/ST/STM32G4xx/Include -I../Drivers/CMSIS/Include -I../Drivers/BSP/Components/vl53l4cx/modules -I../Drivers/BSP/Components/vl53l4cx/porting -I../Drivers/BSP/Components/vl53l4cx -O0 -ffunction-sections -fdata-sections -Wall -fstack-usage -fcyclomatic-complexity -MMD -MP -MF"Drivers/STM32G4xx_HAL_Driver/Src/stm32g4xx_hal_adc.d" -MT"Drivers/STM32G4xx_HAL_Driver/Src/stm32g4xx_hal_adc.o" --specs=nano.specs -mfpu=fpv4-sp-d16 -mfloat-abi=hard -mthumb -o "Drivers/STM32G4xx_HAL_Driver/Src/stm32g4xx_hal_adc.o"
arm-none-eabi-gcc "../Drivers/STM32G4xx_HAL_Driver/Src/stm32g4xx_hal_adc_ex.c" -mcpu=cortex-m4 -std=gnu11 -g3 -DDEBUG -DUSE_HAL_DRIVER -DSTM32G431xx -c -I../Core/Inc -I../Drivers/STM32G4xx_HAL_Driver/Inc -I../Drivers/STM32G4xx_HAL_Driver/Inc/Legacy -I../Drivers/CMSIS/Device/ST/STM32G4xx/Include -I../Drivers/CMSIS/Include -I../Drivers/BSP/Components/vl53l4cx/modules -I../Drivers/BSP/Components/vl53l4cx/porting -I../Drivers/BSP/Components/vl53l4cx -O0 -ffunction-sections -fdata-sections -Wall -fstack-usage -fcyclomatic-complexity -MMD -MP -MF"Drivers/STM32G4xx_HAL_Driver/Src/stm32g4xx_hal_adc_ex.d" -MT"Drivers/STM32G4xx_HAL_Driver/Src/stm32g4xx_hal_adc_ex.o" --specs=nano.specs -mfpu=fpv4-sp-d16 -mfloat-abi=hard -mthumb -o "Drivers/STM32G4xx_HAL_Driver/Src/stm32g4xx_hal_adc_ex.o"
arm-none-eabi-gcc "../Drivers/STM32G4xx_HAL_Driver/Src/stm32g4xx_hal_cortex.c" -mcpu=cortex-m4 -std=gnu11 -g3 -DDEBUG -DUSE_HAL_DRIVER -DSTM32G431xx -c -I../Core/Inc -I../Drivers/STM32G4xx_HAL_Driver/Inc -I../Drivers/STM32G4xx_HAL_Driver/Inc/Legacy -I../Drivers/CMSIS/Device/ST/STM32G4xx/Include -I../Drivers/CMSIS/Include -I../Drivers/BSP/Components/vl53l4cx/modules -I../Drivers/BSP/Components/vl53l4cx/porting -I../Drivers/BSP/Components/vl53l4cx -O0 -ffunction-sections -fdata-sections -Wall -fstack-usage -fcyclomatic-complexity -MMD -MP -MF"Drivers/STM32G4xx_HAL_Driver/Src/stm32g4xx_hal_cortex.d" -MT"Drivers/STM32G4xx_HAL_Driver/Src/stm32g4xx_hal_cortex.o" --specs=nano.specs -mfpu=fpv4-sp-d16 -mfloat-abi=hard -mthumb -o "Drivers/STM32G4xx_HAL_Driver/Src/stm32g4xx_hal_cortex.o"
arm-none-eabi-gcc "../Drivers/STM32G4xx_HAL_Driver/Src/stm32g4xx_hal_dma.c" -mcpu=cortex-m4 -std=gnu11 -g3 -DDEBUG -DUSE_HAL_DRIVER -DSTM32G431xx -c -I../Core/Inc -I../Drivers/STM32G4xx_HAL_Driver/Inc -I../Drivers/STM32G4xx_HAL_Driver/Inc/Legacy -I../Drivers/CMSIS/Device/ST/STM32G4xx/Include -I../Drivers/CMSIS/Include -I../Drivers/BSP/Components/vl53l4cx/modules -I../Drivers/BSP/Components/vl53l4cx/porting -I../Drivers/BSP/Components/vl53l4cx -O0 -ffunction-sections -fdata-sections -Wall -fstack-usage -fcyclomatic-complexity -MMD -MP -MF"Drivers/STM32G4xx_HAL_Driver/Src/stm32g4xx_hal_dma.d" -MT"Drivers/STM32G4xx_HAL_Driver/Src/stm32g4xx_hal_dma.o" --specs=nano.specs -mfpu=fpv4-sp-d16 -mfloat-abi=hard -mthumb -o "Drivers/STM32G4xx_HAL_Driver/Src/stm32g4xx_hal_dma.o"
arm-none-eabi-gcc "../Drivers/STM32G4xx_HAL_Driver/Src/stm32g4xx_hal_dma_ex.c" -mcpu=cortex-m4 -std=gnu11 -g3 -DDEBUG -DUSE_HAL_DRIVER -DSTM32G431xx -c -I../Core/Inc -I../Drivers/STM32G4xx_HAL_Driver/Inc -I../Drivers/STM32G4xx_HAL_Driver/Inc/Legacy -I../Drivers/CMSIS/Device/ST/STM32G4xx/Include -I../Drivers/CMSIS/Include -I../Drivers/BSP/Components/vl53l4cx/modules -I../Drivers/BSP/Components/vl53l4cx/porting -I../Drivers/BSP/Components/vl53l4cx -O0 -ffunction-sections -fdata-sections -Wall -fstack-usage -fcyclomatic-complexity -MMD -MP -MF"Drivers/STM32G4xx_HAL_Driver/Src/stm32g4xx_hal_dma_ex.d" -MT"Drivers/STM32G4xx_HAL_Driver/Src/stm32g4xx_hal_dma_ex.o" --specs=nano.specs -mfpu=fpv4-sp-d16 -mfloat-abi=hard -mthumb -o "Drivers/STM32G4xx_HAL_Driver/Src/stm32g4xx_hal_dma_ex.o"
arm-none-eabi-gcc "../Drivers/STM32G4xx_HAL_Driver/Src/stm32g4xx_hal_exti.c" -mcpu=cortex-m4 -std=gnu11 -g3 -DDEBUG -DUSE_HAL_DRIVER -DSTM32G431xx -c -I../Core/Inc -I../Drivers/STM32G4xx_HAL_Driver/Inc -I../Drivers/STM32G4xx_HAL_Driver/Inc/Legacy -I../Drivers/CMSIS/Device/ST/STM32G4xx/Include -I../Drivers/CMSIS/Include -I../Drivers/BSP/Components/vl53l4cx/modules -I../Drivers/BSP/Components/vl53l4cx/porting -I../Drivers/BSP/Components/vl53l4cx -O0 -ffunction-sections -fdata-sections -Wall -fstack-usage -fcyclomatic-complexity -MMD -MP -MF"Drivers/STM32G4xx_HAL_Driver/Src/stm32g4xx_hal_exti.d" -MT"Drivers/STM32G4xx_HAL_Driver/Src/stm32g4xx_hal_exti.o" --specs=nano.specs -mfpu=fpv4-sp-d16 -mfloat-abi=hard -mthumb -o "Drivers/STM32G4xx_HAL_Driver/Src/stm32g4xx_hal_exti.o"
arm-none-eabi-gcc "../Drivers/STM32G4xx_HAL_Driver/Src/stm32g4xx_hal_flash.c" -mcpu=cortex-m4 -std=gnu11 -g3 -DDEBUG -DUSE_HAL_DRIVER -DSTM32G431xx -c -I../Core/Inc -I../Drivers/STM32G4xx_HAL_Driver/Inc -I../Drivers/STM32G4xx_HAL_Driver/Inc/Legacy -I../Drivers/CMSIS/Device/ST/STM32G4xx/Include -I../Drivers/CMSIS/Include -I../Drivers/BSP/Components/vl53l4cx/modules -I../Drivers/BSP/Components/vl53l4cx/porting -I../Drivers/BSP/Components/vl53l4cx -O0 -ffunction-sections -fdata-sections -Wall -fstack-usage -fcyclomatic-complexity -MMD -MP -MF"Drivers/STM32G4xx_HAL_Driver/Src/stm32g4xx_hal_flash.d" -MT"Drivers/STM32G4xx_HAL_Driver/Src/stm32g4xx_hal_flash.o" --specs=nano.specs -mfpu=fpv4-sp-d16 -mfloat-abi=hard -mthumb -o "Drivers/STM32G4xx_HAL_Driver/Src/stm32g4xx_hal_flash.o"
arm-none-eabi-gcc "../Drivers/STM32G4xx_HAL_Driver/Src/stm32g4xx_hal_flash_ex.c" -mcpu=cortex-m4 -std=gnu11 -g3 -DDEBUG -DUSE_HAL_DRIVER -DSTM32G431xx -c -I../Core/Inc -I../Drivers/STM32G4xx_HAL_Driver/Inc -I../Drivers/STM32G4xx_HAL_Driver/Inc/Legacy -I../Drivers/CMSIS/Device/ST/STM32G4xx/Include -I../Drivers/CMSIS/Include -I../Drivers/BSP/Components/vl53l4cx/modules -I../Drivers/BSP/Components/vl53l4cx/porting -I../Drivers/BSP/Components/vl53l4cx -O0 -ffunction-sections -fdata-sections -Wall -fstack-usage -fcyclomatic-complexity -MMD -MP -MF"Drivers/STM32G4xx_HAL_Driver/Src/stm32g4xx_hal_flash_ex.d" -MT"Drivers/STM32G4xx_HAL_Driver/Src/stm32g4xx_hal_flash_ex.o" --specs=nano.specs -mfpu=fpv4-sp-d16 -mfloat-abi=hard -mthumb -o "Drivers/STM32G4xx_HAL_Driver/Src/stm32g4xx_hal_flash_ex.o"
arm-none-eabi-gcc "../Drivers/STM32G4xx_HAL_Driver/Src/stm32g4xx_hal_flash_ramfunc.c" -mcpu=cortex-m4 -std=gnu11 -g3 -DDEBUG -DUSE_HAL_DRIVER -DSTM32G431xx -c -I../Core/Inc -I../Drivers/STM32G4xx_HAL_Driver/Inc -I../Drivers/STM32G4xx_HAL_Driver/Inc/Legacy -I../Drivers/CMSIS/Device/ST/STM32G4xx/Include -I../Drivers/CMSIS/Include -I../Drivers/BSP/Components/vl53l4cx/modules -I../Drivers/BSP/Components/vl53l4cx/porting -I../Drivers/BSP/Components/vl53l4cx -O0 -ffunction-sections -fdata-sections -Wall -fstack-usage -fcyclomatic-complexity -MMD -MP -MF"Drivers/STM32G4xx_HAL_Driver/Src/stm32g4xx_hal_flash_ramfunc.d" -MT"Drivers/STM32G4xx_HAL_Driver/Src/stm32g4xx_hal_flash_ramfunc.o" --specs=nano.specs -mfpu=fpv4-sp-d16 -mfloat-abi=hard -mthumb -o "Drivers/STM32G4xx_HAL_Driver/Src/stm32g4xx_hal_flash_ramfunc.o"
arm-none-eabi-gcc "../Drivers/STM32G4xx_HAL_Driver/Src/stm32g4xx_hal_gpio.c" -mcpu=cortex-m4 -std=gnu11 -g3 -DDEBUG -DUSE_HAL_DRIVER -DSTM32G431xx -c -I../Core/Inc -I../Drivers/STM32G4xx_HAL_Driver/Inc -I../Drivers/STM32G4xx_HAL_Driver/Inc/Legacy -I../Drivers/CMSIS/Device/ST/STM32G4xx/Include -I../Drivers/CMSIS/Include -I../Drivers/BSP/Components/vl53l4cx/modules -I../Drivers/BSP/Components/vl53l4cx/porting -I../Drivers/BSP/Components/vl53l4cx -O0 -ffunction-sections -fdata-sections -Wall -fstack-usage -fcyclomatic-complexity -MMD -MP -MF"Drivers/STM32G4xx_HAL_Driver/Src/stm32g4xx_hal_gpio.d" -MT"Drivers/STM32G4xx_HAL_Driver/Src/stm32g4xx_hal_gpio.o" --specs=nano.specs -mfpu=fpv4-sp-d16 -mfloat-abi=hard -mthumb -o "Drivers/STM32G4xx_HAL_Driver/Src/stm32g4xx_hal_gpio.o"
arm-none-eabi-gcc "../Drivers/STM32G4xx_HAL_Driver/Src/stm32g4xx_hal_i2c.c" -mcpu=cortex-m4 -std=gnu11 -g3 -DDEBUG -DUSE_HAL_DRIVER -DSTM32G431xx -c -I../Core/Inc -I../Drivers/STM32G4xx_HAL_Driver/Inc -I../Drivers/STM32G4xx_HAL_Driver/Inc/Legacy -I../Drivers/CMSIS/Device/ST/STM32G4xx/Include -I../Drivers/CMSIS/Include -I../Drivers/BSP/Components/vl53l4cx/modules -I../Drivers/BSP/Components/vl53l4cx/porting -I../Drivers/BSP/Components/vl53l4cx -O0 -ffunction-sections -fdata-sections -Wall -fstack-usage -fcyclomatic-complexity -MMD -MP -MF"Drivers/STM32G4xx_HAL_Driver/Src/stm32g4xx_hal_i2c.d" -MT"Drivers/STM32G4xx_HAL_Driver/Src/stm32g4xx_hal_i2c.o" --specs=nano.specs -mfpu=fpv4-sp-d16 -mfloat-abi=hard -mthumb -o "Drivers/STM32G4xx_HAL_Driver/Src/stm32g4xx_hal_i2c.o"
arm-none-eabi-gcc "../Drivers/STM32G4xx_HAL_Driver/Src/stm32g4xx_hal_i2c_ex.c" -mcpu=cortex-m4 -std=gnu11 -g3 -DDEBUG -DUSE_HAL_DRIVER -DSTM32G431xx -c -I../Core/Inc -I../Drivers/STM32G4xx_HAL_Driver/Inc -I../Drivers/STM32G4xx_HAL_Driver/Inc/Legacy -I../Drivers/CMSIS/Device/ST/STM32G4xx/Include -I../Drivers/CMSIS/Include -I../Drivers/BSP/Components/vl53l4cx/modules -I../Drivers/BSP/Components/vl53l4cx/porting -I../Drivers/BSP/Components/vl53l4cx -O0 -ffunction-sections -fdata-sections -Wall -fstack-usage -fcyclomatic-complexity -MMD -MP -MF"Drivers/STM32G4xx_HAL_Driver/Src/stm32g4xx_hal_i2c_ex.d" -MT"Drivers/STM32G4xx_HAL_Driver/Src/stm32g4xx_hal_i2c_ex.o" --specs=nano.specs -mfpu=fpv4-sp-d16 -mfloat-abi=hard -mthumb -o "Drivers/STM32G4xx_HAL_Driver/Src/stm32g4xx_hal_i2c_ex.o"
arm-none-eabi-gcc "../Drivers/STM32G4xx_HAL_Driver/Src/stm32g4xx_hal_pwr.c" -mcpu=cortex-m4 -std=gnu11 -g3 -DDEBUG -DUSE_HAL_DRIVER -DSTM32G431xx -c -I../Core/Inc -I../Drivers/STM32G4xx_HAL_Driver/Inc -I../Drivers/STM32G4xx_HAL_Driver/Inc/Legacy -I../Drivers/CMSIS/Device/ST/STM32G4xx/Include -I../Drivers/CMSIS/Include -I../Drivers/BSP/Components/vl53l4cx/modules -I../Drivers/BSP/Components/vl53l4cx/porting -I../Drivers/BSP/Components/vl53l4cx -O0 -ffunction-sections -fdata-sections -Wall -fstack-usage -fcyclomatic-complexity -MMD -MP -MF"Drivers/STM32G4xx_HAL_Driver/Src/stm32g4xx_hal_pwr.d" -MT"Drivers/STM32G4xx_HAL_Driver/Src/stm32g4xx_hal_pwr.o" --specs=nano.specs -mfpu=fpv4-sp-d16 -mfloat-abi=hard -mthumb -o "Drivers/STM32G4xx_HAL_Driver/Src/stm32g4xx_hal_pwr.o"
arm-none-eabi-gcc "../Drivers/STM32G4xx_HAL_Driver/Src/stm32g4xx_hal_pwr_ex.c" -mcpu=cortex-m4 -std=gnu11 -g3 -DDEBUG -DUSE_HAL_DRIVER -DSTM32G431xx -c -I../Core/Inc -I../Drivers/STM32G4xx_HAL_Driver/Inc -I../Drivers/STM32G4xx_HAL_Driver/Inc/Legacy -I../Drivers/CMSIS/Device/ST/STM32G4xx/Include -I../Drivers/CMSIS/Include -I../Drivers/BSP/Components/vl53l4cx/modules -I../Drivers/BSP/Components/vl53l4cx/porting -I../Drivers/BSP/Components/vl53l4cx -O0 -ffunction-sections -fdata-sections -Wall -fstack-usage -fcyclomatic-complexity -MMD -MP -MF"Drivers/STM32G4xx_HAL_Driver/Src/stm32g4xx_hal_pwr_ex.d" -MT"Drivers/STM32G4xx_HAL_Driver/Src/stm32g4xx_hal_pwr_ex.o" --specs=nano.specs -mfpu=fpv4-sp-d16 -mfloat-abi=hard -mthumb -o "Drivers/STM32G4xx_HAL_Driver/Src/stm32g4xx_hal_pwr_ex.o"
arm-none-eabi-gcc "../Drivers/STM32G4xx_HAL_Driver/Src/stm32g4xx_hal_rcc.c" -mcpu=cortex-m4 -std=gnu11 -g3 -DDEBUG -DUSE_HAL_DRIVER -DSTM32G431xx -c -I../Core/Inc -I../Drivers/STM32G4xx_HAL_Driver/Inc -I../Drivers/STM32G4xx_HAL_Driver/Inc/Legacy -I../Drivers/CMSIS/Device/ST/STM32G4xx/Include -I../Drivers/CMSIS/Include -I../Drivers/BSP/Components/vl53l4cx/modules -I../Drivers/BSP/Components/vl53l4cx/porting -I../Drivers/BSP/Components/vl53l4cx -O0 -ffunction-sections -fdata-sections -Wall -fstack-usage -fcyclomatic-complexity -MMD -MP -MF"Drivers/STM32G4xx_HAL_Driver/Src/stm32g4xx_hal_rcc.d" -MT"Drivers/STM32G4xx_HAL_Driver/Src/stm32g4xx_hal_rcc.o" --specs=nano.specs -mfpu=fpv4-sp-d16 -mfloat-abi=hard -mthumb -o "Drivers/STM32G4xx_HAL_Driver/Src/stm32g4xx_hal_rcc.o"
arm-none-eabi-gcc "../Drivers/STM32G4xx_HAL_Driver/Src/stm32g4xx_hal_rcc_ex.c" -mcpu=cortex-m4 -std=gnu11 -g3 -DDEBUG -DUSE_HAL_DRIVER -DSTM32G431xx -c -I../Core/Inc -I../Drivers/STM32G4xx_HAL_Driver/Inc -I../Drivers/STM32G4xx_HAL_Driver/Inc/Legacy -I../Drivers/CMSIS/Device/ST/STM32G4xx/Include -I../Drivers/CMSIS/Include -I../Drivers/BSP/Components/vl53l4cx/modules -I../Drivers/BSP/Components/vl53l4cx/porting -I../Drivers/BSP/Components/vl53l4cx -O0 -ffunction-sections -fdata-sections -Wall -fstack-usage -fcyclomatic-complexity -MMD -MP -MF"Drivers/STM32G4xx_HAL_Driver/Src/stm32g4xx_hal_rcc_ex.d" -MT"Drivers/STM32G4xx_HAL_Driver/Src/stm32g4xx_hal_rcc_ex.o" --specs=nano.specs -mfpu=fpv4-sp-d16 -mfloat-abi=hard -mthumb -o "Drivers/STM32G4xx_HAL_Driver/Src/stm32g4xx_hal_rcc_ex.o"
arm-none-eabi-gcc "../Drivers/STM32G4xx_HAL_Driver/Src/stm32g4xx_hal_tim.c" -mcpu=cortex-m4 -std=gnu11 -g3 -DDEBUG -DUSE_HAL_DRIVER -DSTM32G431xx -c -I../Core/Inc -I../Drivers/STM32G4xx_HAL_Driver/Inc -I../Drivers/STM32G4xx_HAL_Driver/Inc/Legacy -I../Drivers/CMSIS/Device/ST/STM32G4xx/Include -I../Drivers/CMSIS/Include -I../Drivers/BSP/Components/vl53l4cx/modules -I../Drivers/BSP/Components/vl53l4cx/porting -I../Drivers/BSP/Components/vl53l4cx -O0 -ffunction-sections -fdata-sections -Wall -fstack-usage -fcyclomatic-complexity -MMD -MP -MF"Drivers/STM32G4xx_HAL_Driver/Src/stm32g4xx_hal_tim.d" -MT"Drivers/STM32G4xx_HAL_Driver/Src/stm32g4xx_hal_tim.o" --specs=nano.specs -mfpu=fpv4-sp-d16 -mfloat-abi=hard -mthumb -o "Drivers/STM32G4xx_HAL_Driver/Src/stm32g4xx_hal_tim.o"
arm-none-eabi-gcc "../Drivers/STM32G4xx_HAL_Driver/Src/stm32g4xx_hal_tim_ex.c" -mcpu=cortex-m4 -std=gnu11 -g3 -DDEBUG -DUSE_HAL_DRIVER -DSTM32G431xx -c -I../Core/Inc -I../Drivers/STM32G4xx_HAL_Driver/Inc -I../Drivers/STM32G4xx_HAL_Driver/Inc/Legacy -I../Drivers/CMSIS/Device/ST/STM32G4xx/Include -I../Drivers/CMSIS/Include -I../Drivers/BSP/Components/vl53l4cx/modules -I../Drivers/BSP/Components/vl53l4cx/porting -I../Drivers/BSP/Components/vl53l4cx -O0 -ffunction-sections -fdata-sections -Wall -fstack-usage -fcyclomatic-complexity -MMD -MP -MF"Drivers/STM32G4xx_HAL_Driver/Src/stm32g4xx_hal_tim_ex.d" -MT"Drivers/STM32G4xx_HAL_Driver/Src/stm32g4xx_hal_tim_ex.o" --specs=nano.specs -mfpu=fpv4-sp-d16 -mfloat-abi=hard -mthumb -o "Drivers/STM32G4xx_HAL_Driver/Src/stm32g4xx_hal_tim_ex.o"
arm-none-eabi-gcc "../Drivers/STM32G4xx_HAL_Driver/Src/stm32g4xx_hal_uart.c" -mcpu=cortex-m4 -std=gnu11 -g3 -DDEBUG -DUSE_HAL_DRIVER -DSTM32G431xx -c -I../Core/Inc -I../Drivers/STM32G4xx_HAL_Driver/Inc -I../Drivers/STM32G4xx_HAL_Driver/Inc/Legacy -I../Drivers/CMSIS/Device/ST/STM32G4xx/Include -I../Drivers/CMSIS/Include -I../Drivers/BSP/Components/vl53l4cx/modules -I../Drivers/BSP/Components/vl53l4cx/porting -I../Drivers/BSP/Components/vl53l4cx -O0 -ffunction-sections -fdata-sections -Wall -fstack-usage -fcyclomatic-complexity -MMD -MP -MF"Drivers/STM32G4xx_HAL_Driver/Src/stm32g4xx_hal_uart.d" -MT"Drivers/STM32G4xx_HAL_Driver/Src/stm32g4xx_hal_uart.o" --specs=nano.specs -mfpu=fpv4-sp-d16 -mfloat-abi=hard -mthumb -o "Drivers/STM32G4xx_HAL_Driver/Src/stm32g4xx_hal_uart.o"
arm-none-eabi-gcc "../Drivers/STM32G4xx_HAL_Driver/Src/stm32g4xx_hal_uart_ex.c" -mcpu=cortex-m4 -std=gnu11 -g3 -DDEBUG -DUSE_HAL_DRIVER -DSTM32G431xx -c -I../Core/Inc -I../Drivers/STM32G4xx_HAL_Driver/Inc -I../Drivers/STM32G4xx_HAL_Driver/Inc/Legacy -I../Drivers/CMSIS/Device/ST/STM32G4xx/Include -I../Drivers/CMSIS/Include -I../Drivers/BSP/Components/vl53l4cx/modules -I../Drivers/BSP/Components/vl53l4cx/porting -I../Drivers/BSP/Components/vl53l4cx -O0 -ffunction-sections -fdata-sections -Wall -fstack-usage -fcyclomatic-complexity -MMD -MP -MF"Drivers/STM32G4xx_HAL_Driver/Src/stm32g4xx_hal_uart_ex.d" -MT"Drivers/STM32G4xx_HAL_Driver/Src/stm32g4xx_hal_uart_ex.o" --specs=nano.specs -mfpu=fpv4-sp-d16 -mfloat-abi=hard -mthumb -o "Drivers/STM32G4xx_HAL_Driver/Src/stm32g4xx_hal_uart_ex.o"
arm-none-eabi-gcc "../Drivers/STM32G4xx_HAL_Driver/Src/stm32g4xx_ll_adc.c" -mcpu=cortex-m4 -std=gnu11 -g3 -DDEBUG -DUSE_HAL_DRIVER -DSTM32G431xx -c -I../Core/Inc -I../Drivers/STM32G4xx_HAL_Driver/Inc -I../Drivers/STM32G4xx_HAL_Driver/Inc/Legacy -I../Drivers/CMSIS/Device/ST/STM32G4xx/Include -I../Drivers/CMSIS/Include -I../Drivers/BSP/Components/vl53l4cx/modules -I../Drivers/BSP/Components/vl53l4cx/porting -I../Drivers/BSP/Components/vl53l4cx -O0 -ffunction-sections -fdata-sections -Wall -fstack-usage -fcyclomatic-complexity -MMD -MP -MF"Drivers/STM32G4xx_HAL_Driver/Src/stm32g4xx_ll_adc.d" -MT"Drivers/STM32G4xx_HAL_Driver/Src/stm32g4xx_ll_adc.o" --specs=nano.specs -mfpu=fpv4-sp-d16 -mfloat-abi=hard -mthumb -o "Drivers/STM32G4xx_HAL_Driver/Src/stm32g4xx_ll_adc.o"
arm-none-eabi-gcc "../Drivers/BSP/Components/vl53l4cx/porting/vl53lx_platform.c" -mcpu=cortex-m4 -std=gnu11 -g3 -DDEBUG -DUSE_HAL_DRIVER -DSTM32G431xx -c -I../Core/Inc -I../Drivers/STM32G4xx_HAL_Driver/Inc -I../Drivers/STM32G4xx_HAL_Driver/Inc/Legacy -I../Drivers/CMSIS/Device/ST/STM32G4xx/Include -I../Drivers/CMSIS/Include -I../Drivers/BSP/Components/vl53l4cx/modules -I../Drivers/BSP/Components/vl53l4cx/porting -I../Drivers/BSP/Components/vl53l4cx -O0 -ffunction-sections -fdata-sections -Wall -fstack-usage -fcyclomatic-complexity -MMD -MP -MF"Drivers/BSP/Components/vl53l4cx/porting/vl53lx_platform.d" -MT"Drivers/BSP/Components/vl53l4cx/porting/vl53lx_platform.o" --specs=nano.specs -mfpu=fpv4-sp-d16 -mfloat-abi=hard -mthumb -o "Drivers/BSP/Components/vl53l4cx/porting/vl53lx_platform.o"
arm-none-eabi-gcc "../Drivers/BSP/Components/vl53l4cx/porting/vl53lx_platform_ipp.c" -mcpu=cortex-m4 -std=gnu11 -g3 -DDEBUG -DUSE_HAL_DRIVER -DSTM32G431xx -c -I../Core/Inc -I../Drivers/STM32G4xx_HAL_Driver/Inc -I../Drivers/STM32G4xx_HAL_Driver/Inc/Legacy -I../Drivers/CMSIS/Device/ST/STM32G4xx/Include -I../Drivers/CMSIS/Include -I../Drivers/BSP/Components/vl53l4cx/modules -I../Drivers/BSP/Components/vl53l4cx/porting -I../Drivers/BSP/Components/vl53l4cx -O0 -ffunction-sections -fdata-sections -Wall -fstack-usage -fcyclomatic-complexity -MMD -MP -MF"Drivers/BSP/Components/vl53l4cx/porting/vl53lx_platform_ipp.d" -MT"Drivers/BSP/Components/vl53l4cx/porting/vl53lx_platform_ipp.o" --specs=nano.specs -mfpu=fpv4-sp-d16 -mfloat-abi=hard -mthumb -o "Drivers/BSP/Components/vl53l4cx/porting/vl53lx_platform_ipp.o"
arm-none-eabi-gcc "../Drivers/BSP/Components/vl53l4cx/porting/vl53lx_platform_log.c" -mcpu=cortex-m4 -std=gnu11 -g3 -DDEBUG -DUSE_HAL_DRIVER -DSTM32G431xx -c -I../Core/Inc -I../Drivers/STM32G4xx_HAL_Driver/Inc -I../Drivers/STM32G4xx_HAL_Driver/Inc/Legacy -I../Drivers/CMSIS/Device/ST/STM32G4xx/Include -I../Drivers/CMSIS/Include -I../Drivers/BSP/Components/vl53l4cx/modules -I../Drivers/BSP/Components/vl53l4cx/porting -I../Drivers/BSP/Components/vl53l4cx -O0 -ffunction-sections -fdata-sections -Wall -fstack-usage -fcyclomatic-complexity -MMD -MP -MF"Drivers/BSP/Components/vl53l4cx/porting/vl53lx_platform_log.d" -MT"Drivers/BSP/Components/vl53l4cx/porting/vl53lx_platform_log.o" --specs=nano.specs -mfpu=fpv4-sp-d16 -mfloat-abi=hard -mthumb -o "Drivers/BSP/Components/vl53l4cx/porting/vl53lx_platform_log.o"
arm-none-eabi-gcc "../Drivers/BSP/Components/vl53l4cx/modules/vl53lx_api.c" -mcpu=cortex-m4 -std=gnu11 -g3 -DDEBUG -DUSE_HAL_DRIVER -DSTM32G431xx -c -I../Core/Inc -I../Drivers/STM32G4xx_HAL_Driver/Inc -I../Drivers/STM32G4xx_HAL_Driver/Inc/Legacy -I../Drivers/CMSIS/Device/ST/STM32G4xx/Include -I../Drivers/CMSIS/Include -I../Drivers/BSP/Components/vl53l4cx/modules -I../Drivers/BSP/Components/vl53l4cx/porting -I../Drivers/BSP/Components/vl53l4cx -O0 -ffunction-sections -fdata-sections -Wall -fstack-usage -fcyclomatic-complexity -MMD -MP -MF"Drivers/BSP/Components/vl53l4cx/modules/vl53lx_api.d" -MT"Drivers/BSP/Components/vl53l4cx/modules/vl53lx_api.o" --specs=nano.specs -mfpu=fpv4-sp-d16 -mfloat-abi=hard -mthumb -o "Drivers/BSP/Components/vl53l4cx/modules/vl53lx_api.o"
arm-none-eabi-gcc "../Drivers/BSP/Components/vl53l4cx/modules/vl53lx_api_calibration.c" -mcpu=cortex-m4 -std=gnu11 -g3 -DDEBUG -DUSE_HAL_DRIVER -DSTM32G431xx -c -I../Core/Inc -I../Drivers/STM32G4xx_HAL_Driver/Inc -I../Drivers/STM32G4xx_HAL_Driver/Inc/Legacy -I../Drivers/CMSIS/Device/ST/STM32G4xx/Include -I../Drivers/CMSIS/Include -I../Drivers/BSP/Components/vl53l4cx/modules -I../Drivers/BSP/Components/vl53l4cx/porting -I../Drivers/BSP/Components/vl53l4cx -O0 -ffunction-sections -fdata-sections -Wall -fstack-usage -fcyclomatic-complexity -MMD -MP -MF"Drivers/BSP/Components/vl53l4cx/modules/vl53lx_api_calibration.d" -MT"Drivers/BSP/Components/vl53l4cx/modules/vl53lx_api_calibration.o" --specs=nano.specs -mfpu=fpv4-sp-d16 -mfloat-abi=hard -mthumb -o "Drivers/BSP/Components/vl53l4cx/modules/vl53lx_api_calibration.o"
arm-none-eabi-gcc "../Drivers/BSP/Components/vl53l4cx/modules/vl53lx_api_core.c" -mcpu=cortex-m4 -std=gnu11 -g3 -DDEBUG -DUSE_HAL_DRIVER -DSTM32G431xx -c -I../Core/Inc -I../Drivers/STM32G4xx_HAL_Driver/Inc -I../Drivers/STM32G4xx_HAL_Driver/Inc/Legacy -I../Drivers/CMSIS/Device/ST/STM32G4xx/Include -I../Drivers/CMSIS/Include -I../Drivers/BSP/Components/vl53l4cx/modules -I../Drivers/BSP/Components/vl53l4cx/porting -I../Drivers/BSP/Components/vl53l4cx -O0 -ffunction-sections -fdata-sections -Wall -fstack-usage -fcyclomatic-complexity -MMD -MP -MF"Drivers/BSP/Components/vl53l4cx/modules/vl53lx_api_core.d" -MT"Drivers/BSP/Components/vl53l4cx/modules/vl53lx_api_core.o" --specs=nano.specs -mfpu=fpv4-sp-d16 -mfloat-abi=hard -mthumb -o "Drivers/BSP/Components/vl53l4cx/modules/vl53lx_api_core.o"
arm-none-eabi-gcc "../Drivers/BSP/Components/vl53l4cx/modules/vl53lx_api_debug.c" -mcpu=cortex-m4 -std=gnu11 -g3 -DDEBUG -DUSE_HAL_DRIVER -DSTM32G431xx -c -I../Core/Inc -I../Drivers/STM32G4xx_HAL_Driver/Inc -I../Drivers/STM32G4xx_HAL_Driver/Inc/Legacy -I../Drivers/CMSIS/Device/ST/STM32G4xx/Include -I../Drivers/CMSIS/Include -I../Drivers/BSP/Components/vl53l4cx/modules -I../Drivers/BSP/Components/vl53l4cx/porting -I../Drivers/BSP/Components/vl53l4cx -O0 -ffunction-sections -fdata-sections -Wall -fstack-usage -fcyclomatic-complexity -MMD -MP -MF"Drivers/BSP/Components/vl53l4cx/modules/vl53lx_api_debug.d" -MT"Drivers/BSP/Components/vl53l4cx/modules/vl53lx_api_debug.o" --specs=nano.specs -mfpu=fpv4-sp-d16 -mfloat-abi=hard -mthumb -o "Drivers/BSP/Components/vl53l4cx/modules/vl53lx_api_debug.o"
arm-none-eabi-gcc "../Drivers/BSP/Components/vl53l4cx/modules/vl53lx_api_preset_modes.c" -mcpu=cortex-m4 -std=gnu11 -g3 -DDEBUG -DUSE_HAL_DRIVER -DSTM32G431xx -c -I../Core/Inc -I../Drivers/STM32G4xx_HAL_Driver/Inc -I../Drivers/STM32G4xx_HAL_Driver/Inc/Legacy -I../Drivers/CMSIS/Device/ST/STM32G4xx/Include -I../Drivers/CMSIS/Include -I../Drivers/BSP/Components/vl53l4cx/modules -I../Drivers/BSP/Components/vl53l4cx/porting -I../Drivers/BSP/Components/vl53l4cx -O0 -ffunction-sections -fdata-sections -Wall -fstack-usage -fcyclomatic-complexity -MMD -MP -MF"Drivers/BSP/Components/vl53l4cx/modules/vl53lx_api_preset_modes.d" -MT"Drivers/BSP/Components/vl53l4cx/modules/vl53lx_api_preset_modes.o" --specs=nano.specs -mfpu=fpv4-sp-d16 -mfloat-abi=hard -mthumb -o "Drivers/BSP/Components/vl53l4cx/modules/vl53lx_api_preset_modes.o"
arm-none-eabi-gcc "../Drivers/BSP/Components/vl53l4cx/modules/vl53lx_core.c" -mcpu=cortex-m4 -std=gnu11 -g3 -DDEBUG -DUSE_HAL_DRIVER -DSTM32G431xx -c -I../Core/Inc -I../Drivers/STM32G4xx_HAL_Driver/Inc -I../Drivers/STM32G4xx_HAL_Driver/Inc/Legacy -I../Drivers/CMSIS/Device/ST/STM32G4xx/Include -I../Drivers/CMSIS/Include -I../Drivers/BSP/Components/vl53l4cx/modules -I../Drivers/BSP/Components/vl53l4cx/porting -I../Drivers/BSP/Components/vl53l4cx -O0 -ffunction-sections -fdata-sections -Wall -fstack-usage -fcyclomatic-complexity -MMD -MP -MF"Drivers/BSP/Components/vl53l4cx/modules/vl53lx_core.d" -MT"Drivers/BSP/Components/vl53l4cx/modules/vl53lx_core.o" --specs=nano.specs -mfpu=fpv4-sp-d16 -mfloat-abi=hard -mthumb -o "Drivers/BSP/Components/vl53l4cx/modules/vl53lx_core.o"
arm-none-eabi-gcc "../Drivers/BSP/Components/vl53l4cx/modules/vl53lx_core_support.c" -mcpu=cortex-m4 -std=gnu11 -g3 -DDEBUG -DUSE_HAL_DRIVER -DSTM32G431xx -c -I../Core/Inc -I../Drivers/STM32G4xx_HAL_Driver/Inc -I../Drivers/STM32G4xx_HAL_Driver/Inc/Legacy -I../Drivers/CMSIS/Device/ST/STM32G4xx/Include -I../Drivers/CMSIS/Include -I../Drivers/BSP/Components/vl53l4cx/modules -I../Drivers/BSP/Components/vl53l4cx/porting -I../Drivers/BSP/Components/vl53l4cx -O0 -ffunction-sections -fdata-sections -Wall -fstack-usage -fcyclomatic-complexity -MMD -MP -MF"Drivers/BSP/Components/vl53l4cx/modules/vl53lx_core_support.d" -MT"Drivers/BSP/Components/vl53l4cx/modules/vl53lx_core_support.o" --specs=nano.specs -mfpu=fpv4-sp-d16 -mfloat-abi=hard -mthumb -o "Drivers/BSP/Components/vl53l4cx/modules/vl53lx_core_support.o"
arm-none-eabi-gcc "../Drivers/BSP/Components/vl53l4cx/modules/vl53lx_dmax.c" -mcpu=cortex-m4 -std=gnu11 -g3 -DDEBUG -DUSE_HAL_DRIVER -DSTM32G431xx -c -I../Core/Inc -I../Drivers/STM32G4xx_HAL_Driver/Inc -I../Drivers/STM32G4xx_HAL_Driver/Inc/Legacy -I../Drivers/CMSIS/Device/ST/STM32G4xx/Include -I../Drivers/CMSIS/Include -I../Drivers/BSP/Components/vl53l4cx/modules -I../Drivers/BSP/Components/vl53l4cx/porting -I../Drivers/BSP/Components/vl53l4cx -O0 -ffunction-sections -fdata-sections -Wall -fstack-usage -fcyclomatic-complexity -MMD -MP -MF"Drivers/BSP/Components/vl53l4cx/modules/vl53lx_dmax.d" -MT"Drivers/BSP/Components/vl53l4cx/modules/vl53lx_dmax.o" --specs=nano.specs -mfpu=fpv4-sp-d16 -mfloat-abi=hard -mthumb -o "Drivers/BSP/Components/vl53l4cx/modules/vl53lx_dmax.o"
arm-none-eabi-gcc "../Drivers/BSP/Components/vl53l4cx/modules/vl53lx_hist_algos_gen3.c" -mcpu=cortex-m4 -std=gnu11 -g3 -DDEBUG -DUSE_HAL_DRIVER -DSTM32G431xx -c -I../Core/Inc -I../Drivers/STM32G4xx_HAL_Driver/Inc -I../Drivers/STM32G4xx_HAL_Driver/Inc/Legacy -I../Drivers/CMSIS/Device/ST/STM32G4xx/Include -I../Drivers/CMSIS/Include -I../Drivers/BSP/Components/vl53l4cx/modules -I../Drivers/BSP/Components/vl53l4cx/porting -I../Drivers/BSP/Components/vl53l4cx -O0 -ffunction-sections -fdata-sections -Wall -fstack-usage -fcyclomatic-complexity -MMD -MP -MF"Drivers/BSP/Components/vl53l4cx/modules/vl53lx_hist_algos_gen3.d" -MT"Drivers/BSP/Components/vl53l4cx/modules/vl53lx_hist_algos_gen3.o" --specs=nano.specs -mfpu=fpv4-sp-d16 -mfloat-abi=hard -mthumb -o "Drivers/BSP/Components/vl53l4cx/modules/vl53lx_hist_algos_gen3.o"
arm-none-eabi-gcc "../Drivers/BSP/Components/vl53l4cx/modules/vl53lx_hist_algos_gen4.c" -mcpu=cortex-m4 -std=gnu11 -g3 -DDEBUG -DUSE_HAL_DRIVER -DSTM32G431xx -c -I../Core/Inc -I../Drivers/STM32G4xx_HAL_Driver/Inc -I../Drivers/STM32G4xx_HAL_Driver/Inc/Legacy -I../Drivers/CMSIS/Device/ST/STM32G4xx/Include -I../Drivers/CMSIS/Include -I../Drivers/BSP/Components/vl53l4cx/modules -I../Drivers/BSP/Components/vl53l4cx/porting -I../Drivers/BSP/Components/vl53l4cx -O0 -ffunction-sections -fdata-sections -Wall -fstack-usage -fcyclomatic-complexity -MMD -MP -MF"Drivers/BSP/Components/vl53l4cx/modules/vl53lx_hist_algos_gen4.d" -MT"Drivers/BSP/Components/vl53l4cx/modules/vl53lx_hist_algos_gen4.o" --specs=nano.specs -mfpu=fpv4-sp-d16 -mfloat-abi=hard -mthumb -o "Drivers/BSP/Components/vl53l4cx/modules/vl53lx_hist_algos_gen4.o"
arm-none-eabi-gcc "../Drivers/BSP/Components/vl53l4cx/modules/vl53lx_hist_char.c" -mcpu=cortex-m4 -std=gnu11 -g3 -DDEBUG -DUSE_HAL_DRIVER -DSTM32G431xx -c -I../Core/Inc -I../Drivers/STM32G4xx_HAL_Driver/Inc -I../Drivers/STM32G4xx_HAL_Driver/Inc/Legacy -I../Drivers/CMSIS/Device/ST/STM32G4xx/Include -I../Drivers/CMSIS/Include -I../Drivers/BSP/Components/vl53l4cx/modules -I../Drivers/BSP/Components/vl53l4cx/porting -I../Drivers/BSP/Components/vl53l4cx -O0 -ffunction-sections -fdata-sections -Wall -fstack-usage -fcyclomatic-complexity -MMD -MP -MF"Drivers/BSP/Components/vl53l4cx/modules/vl53lx_hist_char.d" -MT"Drivers/BSP/Components/vl53l4cx/modules/vl53lx_hist_char.o" --specs=nano.specs -mfpu=fpv4-sp-d16 -mfloat-abi=hard -mthumb -o "Drivers/BSP/Components/vl53l4cx/modules/vl53lx_hist_char.o"
arm-none-eabi-gcc "../Drivers/BSP/Components/vl53l4cx/modules/vl53lx_hist_core.c" -mcpu=cortex-m4 -std=gnu11 -g3 -DDEBUG -DUSE_HAL_DRIVER -DSTM32G431xx -c -I../Core/Inc -I../Drivers/STM32G4xx_HAL_Driver/Inc -I../Drivers/STM32G4xx_HAL_Driver/Inc/Legacy -I../Drivers/CMSIS/Device/ST/STM32G4xx/Include -I../Drivers/CMSIS/Include -I../Drivers/BSP/Components/vl53l4cx/modules -I../Drivers/BSP/Components/vl53l4cx/porting -I../Drivers/BSP/Components/vl53l4cx -O0 -ffunction-sections -fdata-sections -Wall -fstack-usage -fcyclomatic-complexity -MMD -MP -MF"Drivers/BSP/Components/vl53l4cx/modules/vl53lx_hist_core.d" -MT"Drivers/BSP/Components/vl53l4cx/modules/vl53lx_hist_core.o" --specs=nano.specs -mfpu=fpv4-sp-d16 -mfloat-abi=hard -mthumb -o "Drivers/BSP/Components/vl53l4cx/modules/vl53lx_hist_core.o"
arm-none-eabi-gcc "../Drivers/BSP/Components/vl53l4cx/modules/vl53lx_hist_funcs.c" -mcpu=cortex-m4 -std=gnu11 -g3 -DDEBUG -DUSE_HAL_DRIVER -DSTM32G431xx -c -I../Core/Inc -I../Drivers/STM32G4xx_HAL_Driver/Inc -I../Drivers/STM32G4xx_HAL_Driver/Inc/Legacy -I../Drivers/CMSIS/Device/ST/STM32G4xx/Include -I../Drivers/CMSIS/Include -I../Drivers/BSP/Components/vl53l4cx/modules -I../Drivers/BSP/Components/vl53l4cx/porting -I../Drivers/BSP/Components/vl53l4cx -O0 -ffunction-sections -fdata-sections -Wall -fstack-usage -fcyclomatic-complexity -MMD -MP -MF"Drivers/BSP/Components/vl53l4cx/modules/vl53lx_hist_funcs.d" -MT"Drivers/BSP/Components/vl53l4cx/modules/vl53lx_hist_funcs.o" --specs=nano.specs -mfpu=fpv4-sp-d16 -mfloat-abi=hard -mthumb -o "Drivers/BSP/Components/vl53l4cx/modules/vl53lx_hist_funcs.o"
arm-none-eabi-gcc "../Drivers/BSP/Components/vl53l4cx/modules/vl53lx_nvm.c" -mcpu=cortex-m4 -std=gnu11 -g3 -DDEBUG -DUSE_HAL_DRIVER -DSTM32G431xx -c -I../Core/Inc -I../Drivers/STM32G4xx_HAL_Driver/Inc -I../Drivers/STM32G4xx_HAL_Driver/Inc/Legacy -I../Drivers/CMSIS/Device/ST/STM32G4xx/Include -I../Drivers/CMSIS/Include -I../Drivers/BSP/Components/vl53l4cx/modules -I../Drivers/BSP/Components/vl53l4cx/porting -I../Drivers/BSP/Components/vl53l4cx -O0 -ffunction-sections -fdata-sections -Wall -fstack-usage -fcyclomatic-complexity -MMD -MP -MF"Drivers/BSP/Components/vl53l4cx/modules/vl53lx_nvm.d" -MT"Drivers/BSP/Components/vl53l4cx/modules/vl53lx_nvm.o" --specs=nano.specs -mfpu=fpv4-sp-d16 -mfloat-abi=hard -mthumb -o "Drivers/BSP/Components/vl53l4cx/modules/vl53lx_nvm.o"
arm-none-eabi-gcc "../Drivers/BSP/Components/vl53l4cx/modules/vl53lx_nvm_debug.c" -mcpu=cortex-m4 -std=gnu11 -g3 -DDEBUG -DUSE_HAL_DRIVER -DSTM32G431xx -c -I../Core/Inc -I../Drivers/STM32G4xx_HAL_Driver/Inc -I../Drivers/STM32G4xx_HAL_Driver/Inc/Legacy -I../Drivers/CMSIS/Device/ST/STM32G4xx/Include -I../Drivers/CMSIS/Include -I../Drivers/BSP/Components/vl53l4cx/modules -I../Drivers/BSP/Components/vl53l4cx/porting -I../Drivers/BSP/Components/vl53l4cx -O0 -ffunction-sections -fdata-sections -Wall -fstack-usage -fcyclomatic-complexity -MMD -MP -MF"Drivers/BSP/Components/vl53l4cx/modules/vl53lx_nvm_debug.d" -MT"Drivers/BSP/Components/vl53l4cx/modules/vl53lx_nvm_debug.o" --specs=nano.specs -mfpu=fpv4-sp-d16 -mfloat-abi=hard -mthumb -o "Drivers/BSP/Components/vl53l4cx/modules/vl53lx_nvm_debug.o"
arm-none-eabi-gcc "../Drivers/BSP/Components/vl53l4cx/modules/vl53lx_register_funcs.c" -mcpu=cortex-m4 -std=gnu11 -g3 -DDEBUG -DUSE_HAL_DRIVER -DSTM32G431xx -c -I../Core/Inc -I../Drivers/STM32G4xx_HAL_Driver/Inc -I../Drivers/STM32G4xx_HAL_Driver/Inc/Legacy -I../Drivers/CMSIS/Device/ST/STM32G4xx/Include -I../Drivers/CMSIS/Include -I../Drivers/BSP/Components/vl53l4cx/modules -I../Drivers/BSP/Components/vl53l4cx/porting -I../Drivers/BSP/Components/vl53l4cx -O0 -ffunction-sections -fdata-sections -Wall -fstack-usage -fcyclomatic-complexity -MMD -MP -MF"Drivers/BSP/Components/vl53l4cx/modules/vl53lx_register_funcs.d" -MT"Drivers/BSP/Components/vl53l4cx/modules/vl53lx_register_funcs.o" --specs=nano.specs -mfpu=fpv4-sp-d16 -mfloat-abi=hard -mthumb -o "Drivers/BSP/Components/vl53l4cx/modules/vl53lx_register_funcs.o"
arm-none-eabi-gcc "../Drivers/BSP/Components/vl53l4cx/modules/vl53lx_sigma_estimate.c" -mcpu=cortex-m4 -std=gnu11 -g3 -DDEBUG -DUSE_HAL_DRIVER -DSTM32G431xx -c -I../Core/Inc -I../Drivers/STM32G4xx_HAL_Driver/Inc -I../Drivers/STM32G4xx_HAL_Driver/Inc/Legacy -I../Drivers/CMSIS/Device/ST/STM32G4xx/Include -I../Drivers/CMSIS/Include -I../Drivers/BSP/Components/vl53l4cx/modules -I../Drivers/BSP/Components/vl53l4cx/porting -I../Drivers/BSP/Components/vl53l4cx -O0 -ffunction-sections -fdata-sections -Wall -fstack-usage -fcyclomatic-complexity -MMD -MP -MF"Drivers/BSP/Components/vl53l4cx/modules/vl53lx_sigma_estimate.d" -MT"Drivers/BSP/Components/vl53l4cx/modules/vl53lx_sigma_estimate.o" --specs=nano.specs -mfpu=fpv4-sp-d16 -mfloat-abi=hard -mthumb -o "Drivers/BSP/Components/vl53l4cx/modules/vl53lx_sigma_estimate.o"
arm-none-eabi-gcc "../Drivers/BSP/Components/vl53l4cx/modules/vl53lx_silicon_core.c" -mcpu=cortex-m4 -std=gnu11 -g3 -DDEBUG -DUSE_HAL_DRIVER -DSTM32G431xx -c -I../Core/Inc -I../Drivers/STM32G4xx_HAL_Driver/Inc -I../Drivers/STM32G4xx_HAL_Driver/Inc/Legacy -I../Drivers/CMSIS/Device/ST/STM32G4xx/Include -I../Drivers/CMSIS/Include -I../Drivers/BSP/Components/vl53l4cx/modules -I../Drivers/BSP/Components/vl53l4cx/porting -I../Drivers/BSP/Components/vl53l4cx -O0 -ffunction-sections -fdata-sections -Wall -fstack-usage -fcyclomatic-complexity -MMD -MP -MF"Drivers/BSP/Components/vl53l4cx/modules/vl53lx_silicon_core.d" -MT"Drivers/BSP/Components/vl53l4cx/modules/vl53lx_silicon_core.o" --specs=nano.specs -mfpu=fpv4-sp-d16 -mfloat-abi=hard -mthumb -o "Drivers/BSP/Components/vl53l4cx/modules/vl53lx_silicon_core.o"
arm-none-eabi-gcc "../Drivers/BSP/Components/vl53l4cx/modules/vl53lx_wait.c" -mcpu=cortex-m4 -std=gnu11 -g3 -DDEBUG -DUSE_HAL_DRIVER -DSTM32G431xx -c -I../Core/Inc -I../Drivers/STM32G4xx_HAL_Driver/Inc -I../Drivers/STM32G4xx_HAL_Driver/Inc/Legacy -I../Drivers/CMSIS/Device/ST/STM32G4xx/Include -I../Drivers/CMSIS/Include -I../Drivers/BSP/Components/vl53l4cx/modules -I../Drivers/BSP/Components/vl53l4cx/porting -I../Drivers/BSP/Components/vl53l4cx -O0 -ffunction-sections -fdata-sections -Wall -fstack-usage -fcyclomatic-complexity -MMD -MP -MF"Drivers/BSP/Components/vl53l4cx/modules/vl53lx_wait.d" -MT"Drivers/BSP/Components/vl53l4cx/modules/vl53lx_wait.o" --specs=nano.specs -mfpu=fpv4-sp-d16 -mfloat-abi=hard -mthumb -o "Drivers/BSP/Components/vl53l4cx/modules/vl53lx_wait.o"
arm-none-eabi-gcc "../Drivers/BSP/Components/vl53l4cx/modules/vl53lx_xtalk.c" -mcpu=cortex-m4 -std=gnu11 -g3 -DDEBUG -DUSE_HAL_DRIVER -DSTM32G431xx -c -I../Core/Inc -I../Drivers/STM32G4xx_HAL_Driver/Inc -I../Drivers/STM32G4xx_HAL_Driver/Inc/Legacy -I../Drivers/CMSIS/Device/ST/STM32G4xx/Include -I../Drivers/CMSIS/Include -I../Drivers/BSP/Components/vl53l4cx/modules -I../Drivers/BSP/Components/vl53l4cx/porting -I../Drivers/BSP/Components/vl53l4cx -O0 -ffunction-sections -fdata-sections -Wall -fstack-usage -fcyclomatic-complexity -MMD -MP -MF"Drivers/BSP/Components/vl53l4cx/modules/vl53lx_xtalk.d" -MT"Drivers/BSP/Components/vl53l4cx/modules/vl53lx_xtalk.o" --specs=nano.specs -mfpu=fpv4-sp-d16 -mfloat-abi=hard -mthumb -o "Drivers/BSP/Components/vl53l4cx/modules/vl53lx_xtalk.o"
arm-none-eabi-gcc "../Drivers/BSP/Components/vl53l4cx/vl53l4cx.c" -mcpu=cortex-m4 -std=gnu11 -g3 -DDEBUG -DUSE_HAL_DRIVER -DSTM32G431xx -c -I../Core/Inc -I../Drivers/STM32G4xx_HAL_Driver/Inc -I../Drivers/STM32G4xx_HAL_Driver/Inc/Legacy -I../Drivers/CMSIS/Device/ST/STM32G4xx/Include -I../Drivers/CMSIS/Include -I../Drivers/BSP/Components/vl53l4cx/modules -I../Drivers/BSP/Components/vl53l4cx/porting -I../Drivers/BSP/Components/vl53l4cx -O0 -ffunction-sections -fdata-sections -Wall -fstack-usage -fcyclomatic-complexity -MMD -MP -MF"Drivers/BSP/Components/vl53l4cx/vl53l4cx.d" -MT"Drivers/BSP/Components/vl53l4cx/vl53l4cx.o" --specs=nano.specs -mfpu=fpv4-sp-d16 -mfloat-abi=hard -mthumb -o "Drivers/BSP/Components/vl53l4cx/vl53l4cx.o"
arm-none-eabi-gcc -mcpu=cortex-m4 -g3 -DDEBUG -c -x assembler-with-cpp -MMD -MP -MF"Core/Startup/startup_stm32g431kbtx.d" -MT"Core/Startup/startup_stm32g431kbtx.o" --specs=nano.specs -mfpu=fpv4-sp-d16 -mfloat-abi=hard -mthumb -o "Core/Startup/startup_stm32g431kbtx.o" "../Core/Startup/startup_stm32g431kbtx.s"
arm-none-eabi-gcc "../Core/Src/main.c" -mcpu=cortex-m4 -std=gnu11 -g3 -DDEBUG -DUSE_HAL_DRIVER -DSTM32G431xx -c -I../Core/Inc -I../Drivers/STM32G4xx_HAL_Driver/Inc -I../Drivers/STM32G4xx_HAL_Driver/Inc/Legacy -I../Drivers/CMSIS/Device/ST/STM32G4xx/Include -I../Drivers/CMSIS/Include -I../Drivers/BSP/Components/vl53l4cx/modules -I../Drivers/BSP/Components/vl53l4cx/porting -I../Drivers/BSP/Components/vl53l4cx -O0 -ffunction-sections -fdata-sections -Wall -fstack-usage -fcyclomatic-complexity -MMD -MP -MF"Core/Src/main.d" -MT"Core/Src/main.o" --specs=nano.specs -mfpu=fpv4-sp-d16 -mfloat-abi=hard -mthumb -o "Core/Src/main.o"
arm-none-eabi-gcc "../Core/Src/stm32g4xx_hal_msp.c" -mcpu=cortex-m4 -std=gnu11 -g3 -DDEBUG -DUSE_HAL_DRIVER -DSTM32G431xx -c -I../Core/Inc -I../Drivers/STM32G4xx_HAL_Driver/Inc -I../Drivers/STM32G4xx_HAL_Driver/Inc/Legacy -I../Drivers/CMSIS/Device/ST/STM32G4xx/Include -I../Drivers/CMSIS/Include -I../Drivers/BSP/Components/vl53l4cx/modules -I../Drivers/BSP/Components/vl53l4cx/porting -I../Drivers/BSP/Components/vl53l4cx -O0 -ffunction-sections -fdata-sections -Wall -fstack-usage -fcyclomatic-complexity -MMD -MP -MF"Core/Src/stm32g4xx_hal_msp.d" -MT"Core/Src/stm32g4xx_hal_msp.o" --specs=nano.specs -mfpu=fpv4-sp-d16 -mfloat-abi=hard -mthumb -o "Core/Src/stm32g4xx_hal_msp.o"
arm-none-eabi-gcc "../Core/Src/stm32g4xx_it.c" -mcpu=cortex-m4 -std=gnu11 -g3 -DDEBUG -DUSE_HAL_DRIVER -DSTM32G431xx -c -I../Core/Inc -I../Drivers/STM32G4xx_HAL_Driver/Inc -I../Drivers/STM32G4xx_HAL_Driver/Inc/Legacy -I../Drivers/CMSIS/Device/ST/STM32G4xx/Include -I../Drivers/CMSIS/Include -I../Drivers/BSP/Components/vl53l4cx/modules -I../Drivers/BSP/Components/vl53l4cx/porting -I../Drivers/BSP/Components/vl53l4cx -O0 -ffunction-sections -fdata-sections -Wall -fstack-usage -fcyclomatic-complexity -MMD -MP -MF"Core/Src/stm32g4xx_it.d" -MT"Core/Src/stm32g4xx_it.o" --specs=nano.specs -mfpu=fpv4-sp-d16 -mfloat-abi=hard -mthumb -o "Core/Src/stm32g4xx_it.o"
arm-none-eabi-gcc "../Core/Src/syscalls.c" -mcpu=cortex-m4 -std=gnu11 -g3 -DDEBUG -DUSE_HAL_DRIVER -DSTM32G431xx -c -I../Core/Inc -I../Drivers/STM32G4xx_HAL_Driver/Inc -I../Drivers/STM32G4xx_HAL_Driver/Inc/Legacy -I../Drivers/CMSIS/Device/ST/STM32G4xx/Include -I../Drivers/CMSIS/Include -I../Drivers/BSP/Components/vl53l4cx/modules -I../Drivers/BSP/Components/vl53l4cx/porting -I../Drivers/BSP/Components/vl53l4cx -O0 -ffunction-sections -fdata-sections -Wall -fstack-usage -fcyclomatic-complexity -MMD -MP -MF"Core/Src/syscalls.d" -MT"Core/Src/syscalls.o" --specs=nano.specs -mfpu=fpv4-sp-d16 -mfloat-abi=hard -mthumb -o "Core/Src/syscalls.o"
arm-none-eabi-gcc "../Core/Src/sysmem.c" -mcpu=cortex-m4 -std=gnu11 -g3 -DDEBUG -DUSE_HAL_DRIVER -DSTM32G431xx -c -I../Core/Inc -I../Drivers/STM32G4xx_HAL_Driver/Inc -I../Drivers/STM32G4xx_HAL_Driver/Inc/Legacy -I../Drivers/CMSIS/Device/ST/STM32G4xx/Include -I../Drivers/CMSIS/Include -I../Drivers/BSP/Components/vl53l4cx/modules -I../Drivers/BSP/Components/vl53l4cx/porting -I../Drivers/BSP/Components/vl53l4cx -O0 -ffunction-sections -fdata-sections -Wall -fstack-usage -fcyclomatic-complexity -MMD -MP -MF"Core/Src/sysmem.d" -MT"Core/Src/sysmem.o" --specs=nano.specs -mfpu=fpv4-sp-d16 -mfloat-abi=hard -mthumb -o "Core/Src/sysmem.o"
arm-none-eabi-gcc "../Core/Src/system_stm32g4xx.c" -mcpu=cortex-m4 -std=gnu11 -g3 -DDEBUG -DUSE_HAL_DRIVER -DSTM32G431xx -c -I../Core/Inc -I../Drivers/STM32G4xx_HAL_Driver/Inc -I../Drivers/STM32G4xx_HAL_Driver/Inc/Legacy -I../Drivers/CMSIS/Device/ST/STM32G4xx/Include -I../Drivers/CMSIS/Include -I../Drivers/BSP/Components/vl53l4cx/modules -I../Drivers/BSP/Components/vl53l4cx/porting -I../Drivers/BSP/Components/vl53l4cx -O0 -ffunction-sections -fdata-sections -Wall -fstack-usage -fcyclomatic-complexity -MMD -MP -MF"Core/Src/system_stm32g4xx.d" -MT"Core/Src/system_stm32g4xx.o" --specs=nano.specs -mfpu=fpv4-sp-d16 -mfloat-abi=hard -mthumb -o "Core/Src/system_stm32g4xx.o"
../Core/Src/main.c: In function 'runMotors':
../Core/Src/main.c:122:10: warning: unused variable 'b' [-Wunused-variable]
  122 |     char b [100];
      |          ^
arm-none-eabi-gcc -o "380_robot_code.elf" @"objects.list"   -mcpu=cortex-m4 -T"C:\Users\Leo\STM32CubeIDE\380_code\380_robot\380_robot_code\STM32G431KBTX_FLASH.ld" --specs=nosys.specs -Wl,-Map="380_robot_code.map" -Wl,--gc-sections -static --specs=nano.specs -mfpu=fpv4-sp-d16 -mfloat-abi=hard -mthumb -u _printf_float -Wl,--start-group -lc -lm -Wl,--end-group
C:/ST/STM32CubeIDE_1.12.1/STM32CubeIDE/plugins/com.st.stm32cube.ide.mcu.externaltools.gnu-tools-for-stm32.12.3.rel1.win32_1.0.100.202403111256/tools/bin/../lib/gcc/arm-none-eabi/12.3.1/../../../../arm-none-eabi/bin/ld.exe: warning: 380_robot_code.elf has a LOAD segment with RWX permissions
Finished building target: 380_robot_code.elf
 
arm-none-eabi-size  380_robot_code.elf 
arm-none-eabi-objdump -h -S 380_robot_code.elf  > "380_robot_code.list"
   text	   data	    bss	    dec	    hex	filename
  48424	    476	   2484	  51384	   c8b8	380_robot_code.elf
Finished building: default.size.stdout
 
Finished building: 380_robot_code.list
 
14:44:52 **** Incremental Build of configuration Debug for project 380_robot_code ****
make -j16 all 
arm-none-eabi-gcc "../Core/Src/main.c" -mcpu=cortex-m4 -std=gnu11 -g3 -DDEBUG -DUSE_HAL_DRIVER -DSTM32G431xx -c -I../Core/Inc -I../Drivers/STM32G4xx_HAL_Driver/Inc -I../Drivers/STM32G4xx_HAL_Driver/Inc/Legacy -I../Drivers/CMSIS/Device/ST/STM32G4xx/Include -I../Drivers/CMSIS/Include -I../Drivers/BSP/Components/vl53l4cx/modules -I../Drivers/BSP/Components/vl53l4cx/porting -I../Drivers/BSP/Components/vl53l4cx -O0 -ffunction-sections -fdata-sections -Wall -fstack-usage -fcyclomatic-complexity -MMD -MP -MF"Core/Src/main.d" -MT"Core/Src/main.o" --specs=nano.specs -mfpu=fpv4-sp-d16 -mfloat-abi=hard -mthumb -o "Core/Src/main.o"
../Core/Src/main.c: In function 'runMotors':
../Core/Src/main.c:122:10: warning: unused variable 'b' [-Wunused-variable]
  122 |     char b [100];
      |          ^
arm-none-eabi-gcc -o "380_robot_code.elf" @"objects.list"   -mcpu=cortex-m4 -T"C:\Users\Leo\STM32CubeIDE\380_code\380_robot\380_robot_code\STM32G431KBTX_FLASH.ld" --specs=nosys.specs -Wl,-Map="380_robot_code.map" -Wl,--gc-sections -static --specs=nano.specs -mfpu=fpv4-sp-d16 -mfloat-abi=hard -mthumb -u _printf_float -Wl,--start-group -lc -lm -Wl,--end-group
C:/ST/STM32CubeIDE_1.12.1/STM32CubeIDE/plugins/com.st.stm32cube.ide.mcu.externaltools.gnu-tools-for-stm32.12.3.rel1.win32_1.0.100.202403111256/tools/bin/../lib/gcc/arm-none-eabi/12.3.1/../../../../arm-none-eabi/bin/ld.exe: warning: 380_robot_code.elf has a LOAD segment with RWX permissions
Finished building target: 380_robot_code.elf
 
arm-none-eabi-size  380_robot_code.elf 
arm-none-eabi-objdump -h -S 380_robot_code.elf  > "380_robot_code.list"
   text	   data	    bss	    dec	    hex	filename
  48352	    476	   2484	  51312	   c870	380_robot_code.elf
Finished building: default.size.stdout
 
Finished building: 380_robot_code.list
 
